2025-10-25 23:24:41 - DNCApplication - INFO - 开始初始化DNC系统...
2025-10-25 23:24:41 - DNCApplication - ERROR - 系统初始化失败: 'ConfigManager' object has no attribute 'load_all_configs'
2025-10-25 23:26:13 - DNCApplication - INFO - 开始初始化DNC系统...
2025-10-25 23:26:13 - DNCApplication - ERROR - 系统初始化失败: 'EventDispatcher' object has no attribute 'register_handler'
2025-10-25 23:28:13 - DNCApplication - INFO - 开始初始化DNC系统...
2025-10-25 23:28:13 - DNCApplication - ERROR - 系统初始化失败: 'DNCApplication' object has no attribute '_on_nc_communication_status'
2025-10-25 23:31:35 - DNCApplication - INFO - 开始初始化DNC系统...
2025-10-25 23:31:35 - DNCApplication - ERROR - 系统初始化失败: 'ConfigManager' object has no attribute 'com_config'
2025-10-25 23:46:30 - DNCApplication - INFO - 开始初始化DNC系统...
2025-10-25 23:46:30 - DNCApplication - ERROR - 系统初始化失败: 'ConfigManager' object has no attribute 'device_config'
2025-10-25 23:58:15 - DNCApplication - INFO - 开始初始化DNC系统...
2025-10-25 23:58:15 - DNCApplication - INFO - DNC系统初始化完成
2025-10-25 23:58:15 - DNCApplication - INFO - 启动DNC应用程序...
2025-10-25 23:58:15 - DNCApplication - ERROR - 应用程序运行失败: QDialog(parent: Optional[QWidget] = None, flags: Union[Qt.WindowFlags, Qt.WindowType] = Qt.WindowFlags()): argument 1 has unexpected type 'DNCApplication'
2025-10-25 23:58:25 - DNCApplication - INFO - 开始清理系统资源...
2025-10-26 00:03:49 - DNCApplication - INFO - 开始初始化DNC系统...
2025-10-26 00:03:49 - DNCApplication - INFO - DNC系统初始化完成
2025-10-26 00:03:49 - DNCApplication - INFO - 启动DNC应用程序...
2025-10-26 00:03:49 - DNCApplication - ERROR - 应用程序运行失败: QDialog(parent: Optional[QWidget] = None, flags: Union[Qt.WindowFlags, Qt.WindowType] = Qt.WindowFlags()): argument 1 has unexpected type 'DNCApplication'
2025-10-26 00:14:56 - DNCApplication - INFO - 开始清理系统资源...
2025-10-26 00:15:13 - DNCApplication - INFO - 开始初始化DNC系统...
2025-10-26 00:15:13 - DNCApplication - INFO - DNC系统初始化完成
2025-10-26 00:15:13 - DNCApplication - INFO - 启动DNC应用程序...
2025-10-26 00:15:14 - DNCApplication - ERROR - 应用程序运行失败: QWidget(parent: Optional[QWidget] = None, flags: Union[Qt.WindowFlags, Qt.WindowType] = Qt.WindowFlags()): argument 1 has unexpected type 'DNCApplication'
2025-10-26 00:15:16 - DNCApplication - INFO - 开始清理系统资源...
2025-10-26 00:19:38 - DNCApplication - INFO - 开始初始化DNC系统...
2025-10-26 00:19:38 - DNCApplication - INFO - DNC系统初始化完成
2025-10-26 00:19:38 - DNCApplication - INFO - 启动DNC应用程序...
2025-10-26 00:19:39 - DNCApplication - ERROR - 应用程序运行失败: QWidget(parent: Optional[QWidget] = None, flags: Union[Qt.WindowFlags, Qt.WindowType] = Qt.WindowFlags()): argument 1 has unexpected type 'DNCApplication'
2025-10-26 00:22:20 - DNCApplication - INFO - 开始清理系统资源...
2025-10-26 00:22:20 - DNCApplication - INFO - 系统资源清理完成
2025-10-26 00:22:27 - DNCApplication - INFO - 开始初始化DNC系统...
2025-10-26 00:22:27 - DNCApplication - INFO - DNC系统初始化完成
2025-10-26 00:22:27 - DNCApplication - INFO - 启动DNC应用程序...
2025-10-26 00:22:27 - DNCApplication - ERROR - 应用程序运行失败: 'ProgramDisplayWidget' object has no attribute 'program_selected'
2025-10-26 00:28:52 - DNCApplication - INFO - 开始初始化DNC系统...
2025-10-26 00:28:52 - DNCApplication - INFO - DNC系统初始化完成
2025-10-26 00:28:52 - DNCApplication - INFO - 启动DNC应用程序...
2025-10-26 00:28:53 - DNCApplication - ERROR - 应用程序运行失败: 'DNCApplication' object has no attribute 'nc_command_sent'
2025-10-26 00:28:57 - DNCApplication - INFO - 开始清理系统资源...
2025-10-26 00:28:57 - DNCApplication - INFO - 系统资源清理完成
2025-10-26 00:31:06 - DNCApplication - INFO - 开始初始化DNC系统...
2025-10-26 00:31:06 - DNCApplication - INFO - DNC系统初始化完成
2025-10-26 00:31:06 - DNCApplication - INFO - 启动DNC应用程序...
2025-10-26 00:31:07 - DNCApplication - WARNING - 通信模块启动失败: 'ConfigManager' object has no attribute 'get_value'
2025-10-26 00:31:07 - DNCApplication - INFO - DNC应用程序启动成功
2025-10-26 00:35:49 - DNCApplication - INFO - 开始初始化DNC系统...
2025-10-26 00:35:49 - DNCApplication - INFO - DNC系统初始化完成
2025-10-26 00:35:49 - DNCApplication - INFO - 启动DNC应用程序...
2025-10-26 00:35:50 - DNCApplication - WARNING - 通信模块启动失败: 'ConfigManager' object has no attribute 'get_value'
2025-10-26 00:35:50 - DNCApplication - INFO - DNC应用程序启动成功
2025-10-26 00:36:29 - DNCApplication - INFO - 开始计算参数...
2025-10-26 00:36:29 - DNCApplication - INFO - 参数计算完成
2025-10-26 00:36:33 - DNCApplication - INFO - 开始连接设备...
2025-10-26 00:36:33 - DNCApplication - INFO - 设备连接成功
2025-10-26 00:36:36 - DNCApplication - INFO - 开始断开设备连接...
2025-10-26 00:36:36 - DNCApplication - INFO - 设备已断开
2025-10-26 00:36:37 - DNCApplication - INFO - 开始连接设备...
2025-10-26 00:36:37 - DNCApplication - INFO - 设备连接成功
2025-10-26 00:36:45 - DNCApplication - INFO - 开始计算参数...
2025-10-26 00:36:45 - DNCApplication - INFO - 参数计算完成
2025-10-26 00:40:16 - DNCApplication - INFO - 开始初始化DNC系统...
2025-10-26 00:40:16 - DNCApplication - INFO - DNC系统初始化完成
2025-10-26 00:40:16 - DNCApplication - INFO - 启动DNC应用程序...
2025-10-26 00:40:17 - DNCApplication - WARNING - 通信模块启动失败: 'ConfigManager' object has no attribute 'get_value'
2025-10-26 00:40:17 - DNCApplication - INFO - DNC应用程序启动成功
2025-10-26 00:41:28 - DNCApplication - INFO - 更新参数: {'basic': {'workpiece_name': '', 'workpiece_id': '', 'process_type': '铣削', 'precision': '普通'}, 'geometry': {'length': 0.0, 'width': 0.0, 'height': 0.0, 'diameter': 0.0, 'angle': 0.0}, 'process': {'spindle_speed': 0.0, 'feed_rate': 0.0, 'cut_depth': 0.0, 'cut_width': 0.0}, 'material': {'material_type': '碳钢', 'material_hardness': '软', 'material_strength': 0.0}, 'model': {'model_type': '自动识别', 'model_description': '123@rtert@3\n', 'current_model': None}}
2025-10-26 00:41:28 - DNCApplication - INFO - 参数更新完成
2025-10-26 00:46:40 - DNCApplication - INFO - 开始初始化DNC系统...
2025-10-26 00:46:40 - DNCApplication - INFO - DNC系统初始化完成
2025-10-26 00:46:40 - DNCApplication - INFO - 启动DNC应用程序...
2025-10-26 00:46:41 - DNCApplication - WARNING - 通信模块启动失败: 'ConfigManager' object has no attribute 'get_value'
2025-10-26 00:46:41 - DNCApplication - INFO - DNC应用程序启动成功
2025-10-26 00:46:43 - DNCApplication - INFO - 更新参数: {'basic': {'workpiece_name': '', 'workpiece_id': '', 'process_type': '铣削', 'precision': '普通'}, 'geometry': {'length': 0.0, 'width': 0.0, 'height': 0.0, 'diameter': 0.0, 'angle': 0.0}, 'process': {'spindle_speed': 0.0, 'feed_rate': 0.0, 'cut_depth': 0.0, 'cut_width': 0.0}, 'material': {'material_type': '碳钢', 'material_hardness': '软', 'material_strength': 0.0}, 'model': {'model_type': '自动识别', 'model_description': '', 'current_model': None}}
2025-10-26 00:46:43 - DNCApplication - INFO - 参数更新完成
2025-10-26 00:46:43 - DNCApplication - INFO - 开始型号识别...
2025-10-26 00:46:43 - DNCApplication - WARNING - 没有型号描述可用于识别
2025-10-26 00:46:57 - DNCApplication - INFO - 更新参数: {'basic': {'workpiece_name': '', 'workpiece_id': '', 'process_type': '铣削', 'precision': '普通'}, 'geometry': {'length': 0.0, 'width': 0.0, 'height': 0.0, 'diameter': 0.0, 'angle': 0.0}, 'process': {'spindle_speed': 0.0, 'feed_rate': 0.0, 'cut_depth': 0.0, 'cut_width': 0.0}, 'material': {'material_type': '碳钢', 'material_hardness': '软', 'material_strength': 0.0}, 'model': {'model_type': '自动识别', 'model_description': '123@asdf@#', 'current_model': None}}
2025-10-26 00:46:57 - DNCApplication - INFO - 参数更新完成
2025-10-26 00:46:57 - DNCApplication - INFO - 开始型号识别...
2025-10-26 00:46:57 - DNCApplication - ERROR - 型号识别失败: 'RecognitionResult' object has no attribute 'get'
2025-10-26 00:47:29 - DNCApplication - INFO - 更新参数: {'basic': {'workpiece_name': '', 'workpiece_id': '', 'process_type': '铣削', 'precision': '普通'}, 'geometry': {'length': 0.0, 'width': 0.0, 'height': 0.0, 'diameter': 0.0, 'angle': 0.0}, 'process': {'spindle_speed': 0.0, 'feed_rate': 0.0, 'cut_depth': 0.0, 'cut_width': 0.0}, 'material': {'material_type': '碳钢', 'material_hardness': '软', 'material_strength': 0.0}, 'model': {'model_type': '自动识别', 'model_description': '234@qerq@#', 'current_model': None}}
2025-10-26 00:47:29 - DNCApplication - INFO - 参数更新完成
2025-10-26 00:47:29 - DNCApplication - INFO - 开始型号识别...
2025-10-26 00:47:29 - DNCApplication - ERROR - 型号识别失败: 'RecognitionResult' object has no attribute 'get'
2025-10-26 00:49:25 - DNCApplication - INFO - 开始连接设备...
2025-10-26 00:49:25 - DNCApplication - INFO - 设备连接成功
2025-10-26 00:49:32 - DNCApplication - INFO - 开始连接设备...
2025-10-26 00:49:32 - DNCApplication - INFO - 设备连接成功
2025-10-26 00:49:37 - DNCApplication - INFO - 开始断开设备连接...
2025-10-26 00:49:37 - DNCApplication - INFO - 设备已断开
2025-10-26 00:49:53 - DNCApplication - INFO - 开始计算参数...
2025-10-26 00:49:53 - DNCApplication - INFO - 参数计算完成
2025-10-26 00:50:06 - DNCApplication - INFO - 开始计算参数...
2025-10-26 00:50:06 - DNCApplication - INFO - 参数计算完成
2025-10-26 00:50:08 - DNCApplication - INFO - 开始计算参数...
2025-10-26 00:50:08 - DNCApplication - INFO - 参数计算完成
2025-10-26 00:50:11 - DNCApplication - INFO - 开始连接设备...
2025-10-26 00:50:11 - DNCApplication - INFO - 设备连接成功
2025-10-26 00:50:12 - DNCApplication - INFO - 开始断开设备连接...
2025-10-26 00:50:12 - DNCApplication - INFO - 设备已断开
2025-10-26 00:50:13 - DNCApplication - INFO - 开始断开设备连接...
2025-10-26 00:50:13 - DNCApplication - INFO - 设备已断开
2025-10-26 00:50:13 - DNCApplication - INFO - 开始断开设备连接...
2025-10-26 00:50:13 - DNCApplication - INFO - 设备已断开
2025-10-26 00:50:14 - DNCApplication - INFO - 开始断开设备连接...
2025-10-26 00:50:14 - DNCApplication - INFO - 设备已断开
2025-10-26 00:50:36 - DNCApplication - INFO - 开始清理系统资源...
2025-10-26 00:50:36 - DNCApplication - INFO - 系统资源清理完成
2025-10-26 07:04:33 - DNCApplication - INFO - 开始初始化DNC系统...
2025-10-26 07:04:33 - DNCApplication - INFO - DNC系统初始化完成
2025-10-26 07:04:33 - DNCApplication - INFO - 启动DNC应用程序...
2025-10-26 07:04:35 - DNCApplication - WARNING - 通信模块启动失败: 'RexrothProtocol' object has no attribute 'create_protocol'
2025-10-26 07:04:35 - DNCApplication - INFO - DNC应用程序启动成功
2025-10-26 07:05:29 - DNCApplication - INFO - 更新参数: {'basic': {'workpiece_name': '', 'workpiece_id': '', 'process_type': '铣削', 'precision': '普通'}, 'geometry': {'length': 0.0, 'width': 0.0, 'height': 0.0, 'diameter': 0.0, 'angle': 0.0}, 'process': {'spindle_speed': 0.0, 'feed_rate': 0.0, 'cut_depth': 0.0, 'cut_width': 0.0}, 'material': {'material_type': '碳钢', 'material_hardness': '软', 'material_strength': 0.0}, 'model': {'model_type': '自动识别', 'model_description': '1234@AAA-c@3', 'current_model': None}}
2025-10-26 07:05:29 - DNCApplication - INFO - 参数更新完成
2025-10-26 07:05:29 - DNCApplication - INFO - 开始型号识别...
2025-10-26 07:05:29 - DNCApplication - ERROR - 型号识别失败: 'EventDispatcher' object has no attribute 'dispatch'
2025-10-26 07:08:24 - DNCApplication - INFO - 更新参数: {'basic': {'workpiece_name': '', 'workpiece_id': '', 'process_type': '铣削', 'precision': '普通'}, 'geometry': {'length': 0.0, 'width': 0.0, 'height': 0.0, 'diameter': 0.0, 'angle': 0.0}, 'process': {'spindle_speed': 0.0, 'feed_rate': 0.0, 'cut_depth': 0.0, 'cut_width': 0.0}, 'material': {'material_type': '碳钢', 'material_hardness': '软', 'material_strength': 0.0}, 'model': {'model_type': '自动识别', 'model_description': '123@C-CCC10-5', 'current_model': None}}
2025-10-26 07:08:24 - DNCApplication - INFO - 参数更新完成
2025-10-26 07:08:24 - DNCApplication - INFO - 开始型号识别...
2025-10-26 07:08:24 - DNCApplication - ERROR - 型号识别失败: 'EventDispatcher' object has no attribute 'dispatch'
2025-10-26 07:08:50 - DNCApplication - INFO - 开始计算参数...
2025-10-26 07:08:50 - DNCApplication - INFO - 参数计算完成
2025-10-26 07:09:00 - DNCApplication - INFO - 开始连接设备...
2025-10-26 07:09:00 - DNCApplication - INFO - 设备连接成功
2025-10-26 07:09:04 - DNCApplication - INFO - 开始断开设备连接...
2025-10-26 07:09:04 - DNCApplication - INFO - 设备已断开
2025-10-26 07:09:11 - DNCApplication - INFO - 更新参数: {'basic': {'workpiece_name': '', 'workpiece_id': '', 'process_type': '铣削', 'precision': '普通'}, 'geometry': {'length': 0.0, 'width': 0.0, 'height': 0.0, 'diameter': 0.0, 'angle': 0.0}, 'process': {'spindle_speed': 0.0, 'feed_rate': 0.0, 'cut_depth': 0.0, 'cut_width': 0.0}, 'material': {'material_type': '碳钢', 'material_hardness': '软', 'material_strength': 0.0}, 'model': {'model_type': '自动识别', 'model_description': '123@C-CCC10-5', 'current_model': None}}
2025-10-26 07:09:11 - DNCApplication - INFO - 参数更新完成
2025-10-26 07:09:11 - DNCApplication - INFO - 开始型号识别...
2025-10-26 07:09:11 - DNCApplication - ERROR - 型号识别失败: 'EventDispatcher' object has no attribute 'dispatch'
2025-10-26 07:09:18 - DNCApplication - INFO - 更新参数: {'basic': {'workpiece_name': '', 'workpiece_id': '', 'process_type': '铣削', 'precision': '普通'}, 'geometry': {'length': 0.0, 'width': 0.0, 'height': 0.0, 'diameter': 0.0, 'angle': 0.0}, 'process': {'spindle_speed': 0.0, 'feed_rate': 0.0, 'cut_depth': 0.0, 'cut_width': 0.0}, 'material': {'material_type': '碳钢', 'material_hardness': '软', 'material_strength': 0.0}, 'model': {'model_type': '自动识别', 'model_description': '123@C-CCC10-5', 'current_model': None}}
2025-10-26 07:09:18 - DNCApplication - INFO - 参数更新完成
2025-10-26 07:09:18 - DNCApplication - INFO - 开始型号识别...
2025-10-26 07:09:18 - DNCApplication - ERROR - 型号识别失败: 'EventDispatcher' object has no attribute 'dispatch'
2025-10-26 07:09:41 - DNCApplication - INFO - 更新参数: {'basic': {'workpiece_name': '', 'workpiece_id': '', 'process_type': '铣削', 'precision': '普通'}, 'geometry': {'length': 0.0, 'width': 0.0, 'height': 0.0, 'diameter': 0.0, 'angle': 0.0}, 'process': {'spindle_speed': 0.0, 'feed_rate': 0.0, 'cut_depth': 0.0, 'cut_width': 0.0}, 'material': {'material_type': '碳钢', 'material_hardness': '软', 'material_strength': 0.0}, 'model': {'model_type': '自动识别', 'model_description': '123@C-CCC10@5', 'current_model': None}}
2025-10-26 07:09:41 - DNCApplication - INFO - 参数更新完成
2025-10-26 07:09:41 - DNCApplication - INFO - 开始型号识别...
2025-10-26 07:09:41 - DNCApplication - ERROR - 型号识别失败: 'EventDispatcher' object has no attribute 'dispatch'
2025-10-26 07:09:45 - DNCApplication - INFO - 更新参数: {'basic': {'workpiece_name': '', 'workpiece_id': '', 'process_type': '铣削', 'precision': '普通'}, 'geometry': {'length': 0.0, 'width': 0.0, 'height': 0.0, 'diameter': 0.0, 'angle': 0.0}, 'process': {'spindle_speed': 0.0, 'feed_rate': 0.0, 'cut_depth': 0.0, 'cut_width': 0.0}, 'material': {'material_type': '碳钢', 'material_hardness': '软', 'material_strength': 0.0}, 'model': {'model_type': '自动识别', 'model_description': '123@C-CCC10@5', 'current_model': None}}
2025-10-26 07:09:45 - DNCApplication - INFO - 参数更新完成
2025-10-26 07:09:45 - DNCApplication - INFO - 开始型号识别...
2025-10-26 07:09:45 - DNCApplication - ERROR - 型号识别失败: 'EventDispatcher' object has no attribute 'dispatch'
2025-10-26 07:09:47 - DNCApplication - INFO - 更新参数: {'basic': {'workpiece_name': '', 'workpiece_id': '', 'process_type': '铣削', 'precision': '普通'}, 'geometry': {'length': 0.0, 'width': 0.0, 'height': 0.0, 'diameter': 0.0, 'angle': 0.0}, 'process': {'spindle_speed': 0.0, 'feed_rate': 0.0, 'cut_depth': 0.0, 'cut_width': 0.0}, 'material': {'material_type': '碳钢', 'material_hardness': '软', 'material_strength': 0.0}, 'model': {'model_type': '自动识别', 'model_description': '123@C-CCC10@5', 'current_model': None}}
2025-10-26 07:09:47 - DNCApplication - INFO - 参数更新完成
2025-10-26 07:09:47 - DNCApplication - INFO - 开始型号识别...
2025-10-26 07:09:47 - DNCApplication - ERROR - 型号识别失败: 'EventDispatcher' object has no attribute 'dispatch'
2025-10-26 07:13:24 - DNCApplication - INFO - 开始清理系统资源...
2025-10-26 07:13:24 - DNCApplication - INFO - 系统资源清理完成
2025-10-26 07:13:39 - DNCApplication - INFO - 开始初始化DNC系统...
2025-10-26 07:13:39 - DNCApplication - INFO - DNC系统初始化完成
2025-10-26 07:13:39 - DNCApplication - INFO - 启动DNC应用程序...
2025-10-26 07:13:41 - DNCApplication - WARNING - 通信模块启动失败: 'str' object has no attribute 'value'
2025-10-26 07:13:41 - DNCApplication - INFO - DNC应用程序启动成功
2025-10-26 07:14:51 - DNCApplication - INFO - 更新参数: {'basic': {'workpiece_name': '', 'workpiece_id': '', 'process_type': '铣削', 'precision': '普通'}, 'geometry': {'length': 0.0, 'width': 0.0, 'height': 0.0, 'diameter': 0.0, 'angle': 0.0}, 'process': {'spindle_speed': 0.0, 'feed_rate': 0.0, 'cut_depth': 0.0, 'cut_width': 0.0}, 'material': {'material_type': '碳钢', 'material_hardness': '软', 'material_strength': 0.0}, 'model': {'model_type': '自动识别', 'model_description': '1234@C-CCC10@10', 'current_model': None}}
2025-10-26 07:14:51 - DNCApplication - INFO - 参数更新完成
2025-10-26 07:14:51 - DNCApplication - INFO - 开始型号识别...
2025-10-26 07:14:51 - DNCApplication - ERROR - 型号识别失败: 'dict' object has no attribute 'MODEL_RECOGNIZED'
2025-10-26 07:42:57 - DNCApplication - INFO - 开始清理系统资源...
2025-10-26 07:42:57 - DNCApplication - INFO - 系统资源清理完成
2025-10-26 07:43:01 - DNCApplication - INFO - 开始初始化DNC系统...
2025-10-26 07:43:01 - DNCApplication - INFO - DNC系统初始化完成
2025-10-26 07:43:01 - DNCApplication - INFO - 启动DNC应用程序...
2025-10-26 07:43:02 - DNCApplication - WARNING - 通信模块启动失败: 'str' object has no attribute 'value'
2025-10-26 07:43:02 - DNCApplication - INFO - DNC应用程序启动成功
2025-10-26 07:43:22 - DNCApplication - INFO - 更新参数: {'basic': {'workpiece_name': '', 'workpiece_id': '', 'process_type': '铣削', 'precision': '普通'}, 'geometry': {'length': 0.0, 'width': 0.0, 'height': 0.0, 'diameter': 0.0, 'angle': 0.0}, 'process': {'spindle_speed': 0.0, 'feed_rate': 0.0, 'cut_depth': 0.0, 'cut_width': 0.0}, 'material': {'material_type': '碳钢', 'material_hardness': '软', 'material_strength': 0.0}, 'model': {'model_type': '自动识别', 'model_description': '123@CCC-10@5', 'current_model': None}}
2025-10-26 07:43:22 - DNCApplication - INFO - 参数更新完成
2025-10-26 07:43:22 - DNCApplication - INFO - 开始型号识别...
2025-10-26 07:43:22 - DNCApplication - ERROR - 型号识别失败: 'dict' object has no attribute 'MODEL_RECOGNIZED'
2025-10-26 07:52:54 - DNCApplication - INFO - 开始清理系统资源...
2025-10-26 07:52:54 - DNCApplication - INFO - 系统资源清理完成
2025-10-26 07:52:59 - DNCApplication - INFO - 开始初始化DNC系统...
2025-10-26 07:52:59 - DNCApplication - INFO - DNC系统初始化完成
2025-10-26 07:52:59 - DNCApplication - INFO - 启动DNC应用程序...
2025-10-26 07:53:00 - DNCApplication - WARNING - 通信模块启动失败: 'str' object has no attribute 'value'
2025-10-26 07:53:00 - DNCApplication - INFO - DNC应用程序启动成功
2025-10-26 07:53:20 - DNCApplication - INFO - 更新参数: {'basic': {'workpiece_name': '', 'workpiece_id': '', 'process_type': '铣削', 'precision': '普通'}, 'geometry': {'length': 0.0, 'width': 0.0, 'height': 0.0, 'diameter': 0.0, 'angle': 0.0}, 'process': {'spindle_speed': 0.0, 'feed_rate': 0.0, 'cut_depth': 0.0, 'cut_width': 0.0}, 'material': {'material_type': '碳钢', 'material_hardness': '软', 'material_strength': 0.0}, 'model': {'model_type': '自动识别', 'model_description': '123@CCC-10@3', 'current_model': None}}
2025-10-26 07:53:20 - DNCApplication - INFO - 参数更新完成
2025-10-26 07:53:20 - DNCApplication - INFO - 开始型号识别...
2025-10-26 07:53:20 - DNCApplication - INFO - 型号识别完成: CCC-10
2025-10-26 07:53:20 - DNCApplication - INFO - 型号识别完成: CCC-10
2025-10-26 07:56:05 - DNCApplication - INFO - 更新参数: {'basic': {'workpiece_name': '', 'workpiece_id': '', 'process_type': '铣削', 'precision': '普通'}, 'geometry': {'length': 0.0, 'width': 0.0, 'height': 0.0, 'diameter': 0.0, 'angle': 0.0}, 'process': {'spindle_speed': 0.0, 'feed_rate': 0.0, 'cut_depth': 0.0, 'cut_width': 0.0}, 'material': {'material_type': '碳钢', 'material_hardness': '软', 'material_strength': 0.0}, 'model': {'model_type': '自动识别', 'model_description': '123@CCC-10@3', 'current_model': None}}
2025-10-26 07:56:05 - DNCApplication - INFO - 参数更新完成
2025-10-26 07:56:05 - DNCApplication - INFO - 开始型号识别...
2025-10-26 07:56:05 - DNCApplication - INFO - 型号识别完成: CCC-10
2025-10-26 07:56:05 - DNCApplication - INFO - 型号识别完成: CCC-10
