2025-10-29 22:30:37 - FileGenerationFlow - INFO - 开始生成宏文件: 15 个变量
2025-10-29 22:30:37 - FileGenerationFlow - INFO - 宏文件生成成功: output\macro_20251029_223037.txt
2025-10-30 18:03:54 - FileGenerationFlow - INFO - 开始生成宏文件: 15 个变量
2025-10-30 18:03:54 - FileGenerationFlow - INFO - 宏文件生成成功: output\macro_20251030_180354.txt
2025-10-30 18:17:20 - FileGenerationFlow - INFO - 开始生成宏文件: 82 个变量
2025-10-30 18:17:20 - FileGenerationFlow - WARNING - 变量验证发现 2 个错误
2025-10-30 18:35:12 - FileGenerationFlow - INFO - 开始生成宏文件: 82 个变量
2025-10-30 18:35:12 - FileGenerationFlow - WARNING - 小数位数配置获取失败: 'NoneType' object has no attribute 'get_config'
2025-10-30 18:35:12 - FileGenerationFlow - WARNING - 小数位数配置获取失败: 'NoneType' object has no attribute 'get_config'
2025-10-30 18:35:12 - FileGenerationFlow - WARNING - 小数位数配置获取失败: 'NoneType' object has no attribute 'get_config'
2025-10-30 18:35:12 - FileGenerationFlow - WARNING - 小数位数配置获取失败: 'NoneType' object has no attribute 'get_config'
2025-10-30 18:35:12 - FileGenerationFlow - WARNING - 小数位数配置获取失败: 'NoneType' object has no attribute 'get_config'
2025-10-30 18:35:12 - FileGenerationFlow - WARNING - 小数位数配置获取失败: 'NoneType' object has no attribute 'get_config'
2025-10-30 18:35:12 - FileGenerationFlow - WARNING - 小数位数配置获取失败: 'NoneType' object has no attribute 'get_config'
2025-10-30 18:35:12 - FileGenerationFlow - WARNING - 小数位数配置获取失败: 'NoneType' object has no attribute 'get_config'
2025-10-30 18:35:12 - FileGenerationFlow - WARNING - 小数位数配置获取失败: 'NoneType' object has no attribute 'get_config'
2025-10-30 18:35:12 - FileGenerationFlow - WARNING - 小数位数配置获取失败: 'NoneType' object has no attribute 'get_config'
2025-10-30 18:35:12 - FileGenerationFlow - WARNING - 小数位数配置获取失败: 'NoneType' object has no attribute 'get_config'
2025-10-30 18:35:12 - FileGenerationFlow - WARNING - 小数位数配置获取失败: 'NoneType' object has no attribute 'get_config'
2025-10-30 18:35:12 - FileGenerationFlow - INFO - 宏文件生成成功: output\macro_20251030_183512.txt
2025-10-30 19:50:29 - FileGenerationFlow - INFO - 开始生成宏文件: 82 个变量
2025-10-30 19:50:29 - FileGenerationFlow - WARNING - 小数位数配置获取失败: 'NoneType' object has no attribute 'get_config'
2025-10-30 19:50:29 - FileGenerationFlow - WARNING - 小数位数配置获取失败: 'NoneType' object has no attribute 'get_config'
2025-10-30 19:50:29 - FileGenerationFlow - WARNING - 小数位数配置获取失败: 'NoneType' object has no attribute 'get_config'
2025-10-30 19:50:29 - FileGenerationFlow - WARNING - 小数位数配置获取失败: 'NoneType' object has no attribute 'get_config'
2025-10-30 19:50:29 - FileGenerationFlow - WARNING - 小数位数配置获取失败: 'NoneType' object has no attribute 'get_config'
2025-10-30 19:50:29 - FileGenerationFlow - WARNING - 小数位数配置获取失败: 'NoneType' object has no attribute 'get_config'
2025-10-30 19:50:29 - FileGenerationFlow - WARNING - 小数位数配置获取失败: 'NoneType' object has no attribute 'get_config'
2025-10-30 19:50:29 - FileGenerationFlow - WARNING - 小数位数配置获取失败: 'NoneType' object has no attribute 'get_config'
2025-10-30 19:50:29 - FileGenerationFlow - WARNING - 小数位数配置获取失败: 'NoneType' object has no attribute 'get_config'
2025-10-30 19:50:29 - FileGenerationFlow - WARNING - 小数位数配置获取失败: 'NoneType' object has no attribute 'get_config'
2025-10-30 19:50:29 - FileGenerationFlow - WARNING - 小数位数配置获取失败: 'NoneType' object has no attribute 'get_config'
2025-10-30 19:50:29 - FileGenerationFlow - WARNING - 小数位数配置获取失败: 'NoneType' object has no attribute 'get_config'
2025-10-30 19:50:29 - FileGenerationFlow - INFO - 宏文件生成成功: output\macro_20251030_195029.txt
2025-10-30 20:17:51 - FileGenerationFlow - INFO - 开始生成宏文件: 82 个变量
2025-10-30 20:17:51 - FileGenerationFlow - WARNING - 小数位数配置获取失败: 'NoneType' object has no attribute 'get_config'
2025-10-30 20:17:51 - FileGenerationFlow - WARNING - 小数位数配置获取失败: 'NoneType' object has no attribute 'get_config'
2025-10-30 20:17:51 - FileGenerationFlow - WARNING - 小数位数配置获取失败: 'NoneType' object has no attribute 'get_config'
2025-10-30 20:17:51 - FileGenerationFlow - WARNING - 小数位数配置获取失败: 'NoneType' object has no attribute 'get_config'
2025-10-30 20:17:51 - FileGenerationFlow - WARNING - 小数位数配置获取失败: 'NoneType' object has no attribute 'get_config'
2025-10-30 20:17:51 - FileGenerationFlow - WARNING - 小数位数配置获取失败: 'NoneType' object has no attribute 'get_config'
2025-10-30 20:17:51 - FileGenerationFlow - WARNING - 小数位数配置获取失败: 'NoneType' object has no attribute 'get_config'
2025-10-30 20:17:51 - FileGenerationFlow - WARNING - 小数位数配置获取失败: 'NoneType' object has no attribute 'get_config'
2025-10-30 20:17:51 - FileGenerationFlow - WARNING - 小数位数配置获取失败: 'NoneType' object has no attribute 'get_config'
2025-10-30 20:17:51 - FileGenerationFlow - WARNING - 小数位数配置获取失败: 'NoneType' object has no attribute 'get_config'
2025-10-30 20:17:51 - FileGenerationFlow - WARNING - 小数位数配置获取失败: 'NoneType' object has no attribute 'get_config'
2025-10-30 20:17:51 - FileGenerationFlow - WARNING - 小数位数配置获取失败: 'NoneType' object has no attribute 'get_config'
2025-10-30 20:17:51 - FileGenerationFlow - INFO - 宏文件生成成功: output\macro_20251030_201751.txt
2025-10-30 20:52:19 - FileGenerationFlow - INFO - 开始生成宏文件: 66 个变量
2025-10-30 20:52:19 - FileGenerationFlow - WARNING - 变量验证发现 1 个错误
2025-10-30 21:16:38 - FileGenerationFlow - INFO - 开始生成宏文件: 66 个变量
2025-10-30 21:16:38 - FileGenerationFlow - WARNING - 变量验证发现 3 个错误
2025-10-30 21:51:24 - FileGenerationFlow - INFO - 开始生成宏文件: 66 个变量
2025-10-30 21:51:24 - FileGenerationFlow - WARNING - 变量验证发现 3 个错误
2025-11-01 05:22:01 - FileGenerationFlow - INFO - 开始生成宏文件: 66 个变量
2025-11-01 05:22:01 - FileGenerationFlow - WARNING - 变量验证发现 3 个错误
2025-11-01 05:48:03 - FileGenerationFlow - INFO - 开始生成宏文件: 66 个变量
2025-11-01 05:48:03 - FileGenerationFlow - WARNING - 变量验证发现 3 个错误
2025-11-01 06:17:49 - FileGenerationFlow - INFO - 开始生成宏文件: 66 个变量
2025-11-01 06:17:49 - FileGenerationFlow - WARNING - 变量验证发现 3 个错误
2025-11-01 06:19:57 - FileGenerationFlow - INFO - 开始生成宏文件: 66 个变量
2025-11-01 06:19:57 - FileGenerationFlow - WARNING - 变量验证发现 3 个错误
2025-11-01 06:43:37 - FileGenerationFlow - INFO - 开始生成宏文件: 66 个变量
2025-11-01 06:43:37 - FileGenerationFlow - WARNING - 变量验证发现 3 个错误
2025-11-01 07:08:14 - FileGenerationFlow - INFO - 开始生成宏文件: 66 个变量
2025-11-01 07:08:14 - FileGenerationFlow - WARNING - 变量验证发现 3 个错误
2025-11-01 07:30:45 - FileGenerationFlow - INFO - 开始生成宏文件: 66 个变量
2025-11-01 07:30:45 - FileGenerationFlow - WARNING - 变量验证发现 3 个错误
2025-11-01 08:06:47 - FileGenerationFlow - INFO - 开始生成宏文件: 66 个变量
2025-11-01 08:06:47 - FileGenerationFlow - WARNING - 变量验证发现 3 个错误
2025-11-01 19:42:10 - FileGenerationFlow - INFO - 开始生成宏文件: 66 个变量
2025-11-01 19:42:10 - FileGenerationFlow - WARNING - 变量验证发现 3 个错误
2025-11-01 20:18:00 - FileGenerationFlow - INFO - 开始生成宏文件: 66 个变量
2025-11-01 20:18:00 - FileGenerationFlow - WARNING - 变量验证发现 3 个错误
2025-11-01 20:40:28 - FileGenerationFlow - INFO - 开始生成宏文件: 66 个变量
2025-11-01 20:40:28 - FileGenerationFlow - WARNING - 变量验证发现 3 个错误
2025-11-01 20:44:00 - FileGenerationFlow - INFO - 开始生成宏文件: 66 个变量
2025-11-01 20:44:00 - FileGenerationFlow - WARNING - 变量验证发现 3 个错误
2025-11-01 21:09:24 - FileGenerationFlow - INFO - 开始生成宏文件: 66 个变量
2025-11-01 21:09:24 - FileGenerationFlow - WARNING - 配置管理器不可用，使用默认小数位数
2025-11-01 21:09:24 - FileGenerationFlow - WARNING - 配置管理器不可用，使用默认小数位数
2025-11-01 21:09:24 - FileGenerationFlow - WARNING - 配置管理器不可用，使用默认小数位数
2025-11-01 21:09:24 - FileGenerationFlow - WARNING - 配置管理器不可用，使用默认小数位数
2025-11-01 21:09:24 - FileGenerationFlow - WARNING - 配置管理器不可用，使用默认小数位数
2025-11-01 21:09:24 - FileGenerationFlow - WARNING - 配置管理器不可用，使用默认小数位数
2025-11-01 21:09:24 - FileGenerationFlow - WARNING - 配置管理器不可用，使用默认小数位数
2025-11-01 21:09:24 - FileGenerationFlow - WARNING - 配置管理器不可用，使用默认小数位数
2025-11-01 21:09:24 - FileGenerationFlow - WARNING - 配置管理器不可用，使用默认小数位数
2025-11-01 21:09:24 - FileGenerationFlow - WARNING - 配置管理器不可用，使用默认小数位数
2025-11-01 21:09:24 - FileGenerationFlow - WARNING - 配置管理器不可用，使用默认小数位数
2025-11-01 21:09:24 - FileGenerationFlow - INFO - 宏文件生成成功: output\macro_20251101_210924.txt
2025-11-01 21:12:21 - FileGenerationFlow - INFO - 开始生成宏文件: 66 个变量
2025-11-01 21:12:21 - FileGenerationFlow - WARNING - 配置管理器不可用，使用默认小数位数
2025-11-01 21:12:21 - FileGenerationFlow - WARNING - 配置管理器不可用，使用默认小数位数
2025-11-01 21:12:21 - FileGenerationFlow - WARNING - 配置管理器不可用，使用默认小数位数
2025-11-01 21:12:21 - FileGenerationFlow - WARNING - 配置管理器不可用，使用默认小数位数
2025-11-01 21:12:21 - FileGenerationFlow - WARNING - 配置管理器不可用，使用默认小数位数
2025-11-01 21:12:21 - FileGenerationFlow - WARNING - 配置管理器不可用，使用默认小数位数
2025-11-01 21:12:21 - FileGenerationFlow - WARNING - 配置管理器不可用，使用默认小数位数
2025-11-01 21:12:21 - FileGenerationFlow - WARNING - 配置管理器不可用，使用默认小数位数
2025-11-01 21:12:21 - FileGenerationFlow - WARNING - 配置管理器不可用，使用默认小数位数
2025-11-01 21:12:21 - FileGenerationFlow - WARNING - 配置管理器不可用，使用默认小数位数
2025-11-01 21:12:21 - FileGenerationFlow - WARNING - 配置管理器不可用，使用默认小数位数
2025-11-01 21:12:21 - FileGenerationFlow - INFO - 宏文件生成成功: output\macro_20251101_211221.txt
2025-11-01 21:33:56 - FileGenerationFlow - INFO - 开始生成宏文件: 66 个变量
2025-11-01 21:33:56 - FileGenerationFlow - WARNING - 配置管理器不可用，使用默认小数位数
2025-11-01 21:33:56 - FileGenerationFlow - WARNING - 配置管理器不可用，使用默认小数位数
2025-11-01 21:33:56 - FileGenerationFlow - WARNING - 配置管理器不可用，使用默认小数位数
2025-11-01 21:33:56 - FileGenerationFlow - WARNING - 配置管理器不可用，使用默认小数位数
2025-11-01 21:33:56 - FileGenerationFlow - WARNING - 配置管理器不可用，使用默认小数位数
2025-11-01 21:33:56 - FileGenerationFlow - WARNING - 配置管理器不可用，使用默认小数位数
2025-11-01 21:33:56 - FileGenerationFlow - WARNING - 配置管理器不可用，使用默认小数位数
2025-11-01 21:33:56 - FileGenerationFlow - WARNING - 配置管理器不可用，使用默认小数位数
2025-11-01 21:33:56 - FileGenerationFlow - WARNING - 配置管理器不可用，使用默认小数位数
2025-11-01 21:33:56 - FileGenerationFlow - WARNING - 配置管理器不可用，使用默认小数位数
2025-11-01 21:33:56 - FileGenerationFlow - WARNING - 配置管理器不可用，使用默认小数位数
2025-11-01 21:33:56 - FileGenerationFlow - INFO - 宏文件生成成功: output\macro_20251101_213356.txt
2025-11-01 21:43:20 - FileGenerationFlow - INFO - 开始生成宏文件: 66 个变量
2025-11-01 21:43:20 - FileGenerationFlow - WARNING - 配置管理器不可用，使用默认小数位数
2025-11-01 21:43:20 - FileGenerationFlow - WARNING - 配置管理器不可用，使用默认小数位数
2025-11-01 21:43:20 - FileGenerationFlow - WARNING - 配置管理器不可用，使用默认小数位数
2025-11-01 21:43:20 - FileGenerationFlow - WARNING - 配置管理器不可用，使用默认小数位数
2025-11-01 21:43:20 - FileGenerationFlow - WARNING - 配置管理器不可用，使用默认小数位数
2025-11-01 21:43:20 - FileGenerationFlow - WARNING - 配置管理器不可用，使用默认小数位数
2025-11-01 21:43:20 - FileGenerationFlow - WARNING - 配置管理器不可用，使用默认小数位数
2025-11-01 21:43:20 - FileGenerationFlow - INFO - 宏文件生成成功: output\macro_20251101_214320.txt
2025-11-01 22:25:58 - FileGenerationFlow - INFO - 开始生成宏文件: 66 个变量
2025-11-01 22:25:58 - FileGenerationFlow - WARNING - 配置管理器不可用，使用默认小数位数
2025-11-01 22:25:58 - FileGenerationFlow - WARNING - 配置管理器不可用，使用默认小数位数
2025-11-01 22:25:58 - FileGenerationFlow - WARNING - 配置管理器不可用，使用默认小数位数
2025-11-01 22:25:58 - FileGenerationFlow - WARNING - 配置管理器不可用，使用默认小数位数
2025-11-01 22:25:58 - FileGenerationFlow - WARNING - 配置管理器不可用，使用默认小数位数
2025-11-01 22:25:58 - FileGenerationFlow - WARNING - 配置管理器不可用，使用默认小数位数
2025-11-01 22:25:58 - FileGenerationFlow - WARNING - 配置管理器不可用，使用默认小数位数
2025-11-01 22:25:58 - FileGenerationFlow - INFO - 宏文件生成成功: output\macro_20251101_222558.txt
2025-11-01 22:52:37 - FileGenerationFlow - INFO - 开始生成宏文件: 66 个变量
2025-11-01 22:52:37 - FileGenerationFlow - WARNING - 配置管理器不可用，使用默认小数位数
2025-11-01 22:52:37 - FileGenerationFlow - WARNING - 配置管理器不可用，使用默认小数位数
2025-11-01 22:52:37 - FileGenerationFlow - WARNING - 配置管理器不可用，使用默认小数位数
2025-11-01 22:52:37 - FileGenerationFlow - WARNING - 配置管理器不可用，使用默认小数位数
2025-11-01 22:52:37 - FileGenerationFlow - WARNING - 配置管理器不可用，使用默认小数位数
2025-11-01 22:52:37 - FileGenerationFlow - WARNING - 配置管理器不可用，使用默认小数位数
2025-11-01 22:52:37 - FileGenerationFlow - WARNING - 配置管理器不可用，使用默认小数位数
2025-11-01 22:52:37 - FileGenerationFlow - INFO - 宏文件生成成功: output\macro_20251101_225237.txt
2025-11-02 19:14:58 - FileGenerationFlow - INFO - 开始生成宏文件: 66 个变量
2025-11-02 19:14:58 - FileGenerationFlow - INFO - 宏文件生成成功: output\macro_20251102_191458.txt
2025-11-03 20:24:58 - FileGenerationFlow - INFO - 开始生成宏文件: 66 个变量
2025-11-03 20:24:58 - FileGenerationFlow - INFO - 宏文件生成成功: output\macro_20251103_202458.txt
2025-11-04 20:09:48 - FileGenerationFlow - INFO - 开始生成宏文件: 66 个变量
2025-11-04 20:09:48 - FileGenerationFlow - INFO - 宏文件生成成功: output\macro_20251104_200948.txt
2025-11-04 20:52:44 - FileGenerationFlow - INFO - 开始生成宏文件: 66 个变量
2025-11-04 20:52:44 - FileGenerationFlow - INFO - 宏文件生成成功: output\macro_20251104_205244.txt
