2025-10-29 21:54:27 - ModelRecognizer - INFO - 开始型号识别: 123@GPA20GT15040_A-H8@3
2025-10-29 22:05:26 - ModelRecognizer - INFO - 开始型号识别: 123@GPA20GT15040_A-H8@4
2025-10-29 22:30:20 - ModelRecognizer - INFO - 开始型号识别: 123@GPA20GT15040_A-H8@3
2025-10-30 18:03:20 - ModelRecognizer - INFO - 开始型号识别: 123@GPA20GT15040_A-H8@3
2025-10-30 18:17:10 - ModelRecognizer - INFO - 开始型号识别: 123@GPA20GT15040_A-H8@3
2025-10-30 18:34:41 - ModelRecognizer - INFO - 开始型号识别: 123@GPA20GT15040_A-H8@3
2025-10-30 18:45:31 - ModelRecognizer - INFO - 开始型号识别: 123@GPA20GT15040_A-H8@3
2025-10-30 19:35:47 - ModelRecognizer - INFO - 开始型号识别: PO123@MODEL456@QTY10@OTHER_DATA
2025-10-30 19:35:47 - ModelRecognizer - INFO - 开始型号识别: PO123MODEL456QTY10
2025-10-30 19:35:47 - ModelRecognizer - INFO - 开始型号识别: PO123@MODEL456
2025-10-30 19:35:47 - ModelRecognizer - INFO - 开始型号识别: PO001@MODEL001@QTY100
2025-10-30 19:35:47 - ModelRecognizer - INFO - 开始型号识别: PO002@MODEL002@QTY200@EXTRA
2025-10-30 19:35:47 - ModelRecognizer - INFO - 开始型号识别: PO003@MODEL003
2025-10-30 19:35:47 - ModelRecognizer - INFO - 开始型号识别: PO001@MODEL001@QTY100
2025-10-30 19:35:47 - ModelRecognizer - INFO - 开始型号识别: PO002@MODEL002@QTY200
2025-10-30 19:35:47 - ModelRecognizer - INFO - 开始型号识别: PO003@MODEL003@QTY300
2025-10-30 19:35:47 - ModelRecognizer - INFO - 开始型号识别: TEST
2025-10-30 19:35:47 - ModelRecognizer - INFO - 开始型号识别: PO123@MODEL456@QTY10
2025-10-30 19:35:47 - ModelRecognizer - INFO - 开始型号识别: PO123#MODEL456#QTY10
2025-10-30 19:35:47 - ModelRecognizer - INFO - 开始型号识别: PO123MODEL456QTY10
2025-10-30 19:38:10 - ModelRecognizer - INFO - 开始型号识别: PO123@MODEL456@QTY10@OTHER_DATA
2025-10-30 19:38:10 - ModelRecognizer - INFO - 开始型号识别: PO123MODEL456QTY10
2025-10-30 19:38:10 - ModelRecognizer - INFO - 开始型号识别: PO123@MODEL456
2025-10-30 19:38:10 - ModelRecognizer - INFO - 开始型号识别: PO001@MODEL001@QTY100
2025-10-30 19:38:10 - ModelRecognizer - INFO - 开始型号识别: PO002@MODEL002@QTY200@EXTRA
2025-10-30 19:38:10 - ModelRecognizer - INFO - 开始型号识别: PO003@MODEL003
2025-10-30 19:38:10 - ModelRecognizer - INFO - 开始型号识别: PO001@MODEL001@QTY100
2025-10-30 19:38:10 - ModelRecognizer - INFO - 开始型号识别: PO002@MODEL002@QTY200
2025-10-30 19:38:10 - ModelRecognizer - INFO - 开始型号识别: PO003@MODEL003@QTY300
2025-10-30 19:38:10 - ModelRecognizer - INFO - 开始型号识别: TEST
2025-10-30 19:38:10 - ModelRecognizer - INFO - 开始型号识别: PO123@MODEL456@QTY10
2025-10-30 19:38:10 - ModelRecognizer - INFO - 开始型号识别: PO123#MODEL456#QTY10
2025-10-30 19:38:10 - ModelRecognizer - INFO - 开始型号识别: PO123MODEL456QTY10
2025-10-30 19:39:18 - ModelRecognizer - INFO - 开始型号识别: 123@GPA20GT15040_A-H8@3
2025-10-30 19:43:17 - ModelRecognizer - INFO - 开始型号识别: 123@GPA20GT15040_A-H8@3
2025-10-30 19:46:32 - ModelRecognizer - INFO - 开始型号识别: 123@GPA20GT15040_A-H8@3
2025-10-30 19:50:23 - ModelRecognizer - INFO - 开始型号识别: 123@GPA20GT15040_A-H8@5
2025-10-30 20:17:46 - ModelRecognizer - INFO - 开始型号识别: 123@GPA20GT15040_A-H8@3
2025-10-30 20:52:15 - ModelRecognizer - INFO - 开始型号识别: 123@GPA20GT15040_A-H8@3
2025-10-30 21:16:24 - ModelRecognizer - INFO - 开始型号识别: 12343@GPA20GT15040_A-H8@3
2025-10-30 21:51:18 - ModelRecognizer - INFO - 开始型号识别: 123@GPA20GT15040_A-H8@5
2025-11-01 05:21:35 - ModelRecognizer - INFO - 开始型号识别: 123@GPA20GT15040_A-H8@3
2025-11-01 05:35:24 - ModelRecognizer - INFO - 开始型号识别: PO123@MODEL456@QTY10
2025-11-01 05:35:24 - ModelRecognizer - INFO - 开始型号识别: PO124@MODEL457@QTY20
2025-11-01 05:35:24 - ModelRecognizer - INFO - 开始型号识别: PO125@MODEL458@QTY30
2025-11-01 05:35:24 - ModelRecognizer - INFO - 开始型号识别: PO123@MODEL456@QTY10
2025-11-01 05:35:24 - ModelRecognizer - INFO - 开始型号识别: PO124@MODEL457
2025-11-01 05:35:24 - ModelRecognizer - INFO - 开始型号识别: PO125@MODEL458@QTY30
2025-11-01 05:35:24 - ModelRecognizer - INFO - 开始型号识别: 
2025-11-01 05:35:24 - ModelRecognizer - INFO - 开始型号识别: PO123@MODEL456
2025-11-01 05:35:24 - ModelRecognizer - INFO - 开始型号识别: None
2025-11-01 05:35:24 - ModelRecognizer - INFO - 开始型号识别: PO123@MODEL456@QTY10@OTHER_DATA
2025-11-01 05:35:24 - ModelRecognizer - INFO - 开始型号识别: MODEL456@PO123@QTY10@OTHER_DATA
2025-11-01 05:35:24 - ModelRecognizer - INFO - 开始型号识别: PO123#MODEL456#QTY10#OTHER_DATA
2025-11-01 05:35:24 - ModelRecognizer - INFO - 开始型号识别: PO123@MODEL456@QTY10@EXTRA1@EXTRA2@EXTRA3
2025-11-01 05:35:24 - ModelRecognizer - INFO - 开始型号识别: PO 123@MODEL 456@QTY 10@WITH SPACES
2025-11-01 05:35:24 - ModelRecognizer - INFO - 开始型号识别: PO-123@MODEL-456@QTY-10@SPECIAL_CHAR
2025-11-01 05:42:52 - ModelRecognizer - INFO - 开始型号识别: test1
2025-11-01 05:42:52 - ModelRecognizer - INFO - 开始型号识别: test2
2025-11-01 05:44:30 - ModelRecognizer - INFO - 开始型号识别: PO123@MODEL456@QTY10@OTHER_DATA
2025-11-01 05:44:30 - ModelRecognizer - INFO - 开始型号识别: PO123MODEL456QTY10
2025-11-01 05:44:30 - ModelRecognizer - INFO - 开始型号识别: PO123@MODEL456
2025-11-01 05:44:30 - ModelRecognizer - INFO - 开始型号识别: PO001@MODEL001@QTY100
2025-11-01 05:44:30 - ModelRecognizer - INFO - 开始型号识别: PO002@MODEL002@QTY200@EXTRA
2025-11-01 05:44:30 - ModelRecognizer - INFO - 开始型号识别: PO003@MODEL003
2025-11-01 05:44:30 - ModelRecognizer - INFO - 开始型号识别: PO001@MODEL001@QTY100
2025-11-01 05:44:30 - ModelRecognizer - INFO - 开始型号识别: PO002@MODEL002@QTY200
2025-11-01 05:44:30 - ModelRecognizer - INFO - 开始型号识别: PO003@MODEL003@QTY300
2025-11-01 05:44:30 - ModelRecognizer - INFO - 开始型号识别: TEST
2025-11-01 05:44:30 - ModelRecognizer - INFO - 开始型号识别: PO123@MODEL456@QTY10
2025-11-01 05:44:30 - ModelRecognizer - INFO - 开始型号识别: PO123#MODEL456#QTY10
2025-11-01 05:44:30 - ModelRecognizer - INFO - 开始型号识别: PO123MODEL456QTY10
2025-11-01 05:47:55 - ModelRecognizer - INFO - 开始型号识别: 123@GPA20GT15040_A-H8@3
2025-11-01 06:17:41 - ModelRecognizer - INFO - 开始型号识别: 123@GPA20GT15040_A-H8@3
2025-11-01 06:19:51 - ModelRecognizer - INFO - 开始型号识别: 123@GPA20GT15040_A-H8@4
2025-11-01 06:21:23 - ModelRecognizer - INFO - 开始型号识别: test1
2025-11-01 06:21:23 - ModelRecognizer - INFO - 开始型号识别: test2
2025-11-01 06:43:28 - ModelRecognizer - INFO - 开始型号识别: 123@GPA20GT15040_A-H8@3
2025-11-01 06:49:20 - ModelRecognizer - INFO - 开始型号识别: 123@GPA20GT15040_A-H8@3
2025-11-01 06:50:42 - ModelRecognizer - INFO - 开始型号识别: 123@GPA20GT15040_A-H8@4
2025-11-01 06:58:35 - ModelRecognizer - INFO - 开始型号识别: 123@GPA20GT15040_A-H8@3
2025-11-01 07:08:04 - ModelRecognizer - INFO - 开始型号识别: 123@GPA20GT15040_A-H8@3
2025-11-01 07:30:10 - ModelRecognizer - INFO - 开始型号识别: 123@GPA20GT15040_A-H8@3
2025-11-01 07:30:24 - ModelRecognizer - INFO - 开始型号识别: 123@GPA20GT15040_A-H8@3
2025-11-01 07:47:11 - ModelRecognizer - INFO - 开始型号识别: 1234@GPA20GT15040_A-H8@1
2025-11-01 07:54:44 - ModelRecognizer - INFO - 开始型号识别: C@AAA@12345
2025-11-01 08:06:42 - ModelRecognizer - INFO - 开始型号识别: 123@GPA20GT15040_A-H8@6
2025-11-01 19:41:54 - ModelRecognizer - INFO - 开始型号识别: 123@GPA20GT15040_A-H8@3
123@GPA20GT15040_A-H8@3
2025-11-01 20:17:56 - ModelRecognizer - INFO - 开始型号识别: 123@GPA20GT15040_A-H8@4
2025-11-01 20:40:24 - ModelRecognizer - INFO - 开始型号识别: 1234@GPA20GT15040_A-H8@4
2025-11-01 20:43:55 - ModelRecognizer - INFO - 开始型号识别: 1234@GPA20GT15040_A-H8@3
2025-11-01 21:09:12 - ModelRecognizer - INFO - 开始型号识别: 123@GPA20GT15040_A-H8@2
2025-11-01 21:12:18 - ModelRecognizer - INFO - 开始型号识别: 123@GPA20GT15040_A-H8@2
2025-11-01 21:33:52 - ModelRecognizer - INFO - 开始型号识别: 123@GPA20GT15040_A-H8@5
2025-11-01 21:43:15 - ModelRecognizer - INFO - 开始型号识别: 12344@GPA20GT15040_A-H8@4
2025-11-01 22:25:53 - ModelRecognizer - INFO - 开始型号识别: 123@GPA20GT15040_A-H8@5
2025-11-01 22:52:33 - ModelRecognizer - INFO - 开始型号识别: 123@GPA20GT15040_A-H8@6
2025-11-02 19:14:52 - ModelRecognizer - INFO - 开始型号识别: 123@GPA20GT15040_A-H8@2
2025-11-03 20:24:51 - ModelRecognizer - INFO - 开始型号识别: 123@GPA20GT15040_A-H8@3
2025-11-04 20:09:33 - ModelRecognizer - INFO - 开始型号识别: 123@GPA20GT15040_A-H8@5
2025-11-04 20:09:33 - ModelRecognizer - INFO - 型号识别完成: GPA20GT15040_A-H8, 耗时: 0.0107秒
2025-11-04 20:52:38 - ModelRecognizer - INFO - 开始型号识别: 123@GPA20GT15040_A-H8@3
2025-11-04 20:52:38 - ModelRecognizer - INFO - 型号识别完成: GPA20GT15040_A-H8, 耗时: 0.0151秒
