2025-10-29 21:21:08 - SystemInitializer - INFO - 开始系统初始化流程...
2025-10-29 21:21:08 - SystemInitializer - INFO - 加载基础配置...
2025-10-29 21:21:08 - SystemInitializer - ERROR - 系统初始化失败: 'CSVProcessor' object has no attribute 'load_csv'
2025-10-29 21:29:24 - SystemInitializer - INFO - 开始系统初始化流程...
2025-10-29 21:29:24 - SystemInitializer - INFO - 加载基础配置...
2025-10-29 21:29:24 - SystemInitializer - ERROR - 系统初始化失败: ini.csv配置文件加载失败
2025-10-29 21:35:13 - SystemInitializer - INFO - 开始系统初始化流程...
2025-10-29 21:35:13 - SystemInitializer - INFO - 加载基础配置...
2025-10-29 21:35:13 - SystemInitializer - INFO - 基础配置加载完成
2025-10-29 21:35:13 - SystemInitializer - INFO - 加载所有CSV配置文件...
2025-10-29 21:35:13 - SystemInitializer - WARNING - 配置文件为空或加载失败: type_relation.csv
2025-10-29 21:35:13 - SystemInitializer - WARNING - 配置文件为空或加载失败: type_chngvl.csv
2025-10-29 21:35:13 - SystemInitializer - INFO - 共加载 5 个配置文件
2025-10-29 21:35:13 - SystemInitializer - INFO - 验证配置依赖关系...
2025-10-29 21:35:13 - SystemInitializer - ERROR - 配置验证失败: ['type_prg.csv缺少必需字段: PRG', 'type_prg.csv缺少必需字段: PRG', 'type_prg.csv缺少必需字段: PRG', 'type_prg.csv缺少必需字段: PRG', 'type_prg.csv缺少必需字段: PRG', 'type_prg.csv缺少必需字段: PRG', 'type_prg.csv缺少必需字段: PRG', 'type_prg.csv缺少必需字段: PRG', 'type_prg.csv缺少必需字段: PRG']
2025-10-29 21:35:13 - SystemInitializer - ERROR - 系统初始化失败: 配置验证失败: ['type_prg.csv缺少必需字段: PRG', 'type_prg.csv缺少必需字段: PRG', 'type_prg.csv缺少必需字段: PRG', 'type_prg.csv缺少必需字段: PRG', 'type_prg.csv缺少必需字段: PRG', 'type_prg.csv缺少必需字段: PRG', 'type_prg.csv缺少必需字段: PRG', 'type_prg.csv缺少必需字段: PRG', 'type_prg.csv缺少必需字段: PRG']
2025-10-29 21:39:54 - SystemInitializer - INFO - 开始系统初始化流程...
2025-10-29 21:39:54 - SystemInitializer - INFO - 加载基础配置...
2025-10-29 21:39:54 - SystemInitializer - INFO - 基础配置加载完成
2025-10-29 21:39:54 - SystemInitializer - INFO - 加载所有CSV配置文件...
2025-10-29 21:39:54 - SystemInitializer - WARNING - 配置文件为空或加载失败: type_relation.csv
2025-10-29 21:39:54 - SystemInitializer - WARNING - 配置文件为空或加载失败: type_chngvl.csv
2025-10-29 21:39:54 - SystemInitializer - INFO - 共加载 5 个配置文件
2025-10-29 21:39:54 - SystemInitializer - INFO - 验证配置依赖关系...
2025-10-29 21:39:54 - SystemInitializer - INFO - 配置验证通过
2025-10-29 21:39:54 - SystemInitializer - INFO - 构建配置缓存...
2025-10-29 21:39:54 - SystemInitializer - INFO - 配置缓存构建完成
2025-10-29 21:39:54 - SystemInitializer - INFO - 初始化系统模块...
2025-10-29 21:39:54 - SystemInitializer - INFO - 系统模块初始化完成
2025-10-29 21:39:54 - SystemInitializer - INFO - 系统初始化完成
2025-10-29 21:53:42 - SystemInitializer - INFO - 开始系统初始化流程...
2025-10-29 21:53:42 - SystemInitializer - INFO - 加载基础配置...
2025-10-29 21:53:42 - SystemInitializer - INFO - 基础配置加载完成
2025-10-29 21:53:42 - SystemInitializer - INFO - 加载所有CSV配置文件...
2025-10-29 21:53:42 - SystemInitializer - WARNING - 配置文件为空或加载失败: type_relation.csv
2025-10-29 21:53:42 - SystemInitializer - WARNING - 配置文件为空或加载失败: type_chngvl.csv
2025-10-29 21:53:42 - SystemInitializer - INFO - 共加载 5 个配置文件
2025-10-29 21:53:42 - SystemInitializer - INFO - 验证配置依赖关系...
2025-10-29 21:53:42 - SystemInitializer - INFO - 配置验证通过
2025-10-29 21:53:42 - SystemInitializer - INFO - 构建配置缓存...
2025-10-29 21:53:42 - SystemInitializer - INFO - 配置缓存构建完成
2025-10-29 21:53:42 - SystemInitializer - INFO - 初始化系统模块...
2025-10-29 21:53:42 - SystemInitializer - INFO - 系统模块初始化完成
2025-10-29 21:53:42 - SystemInitializer - INFO - 系统初始化完成
2025-10-29 22:04:41 - SystemInitializer - INFO - 开始系统初始化流程...
2025-10-29 22:04:41 - SystemInitializer - INFO - 加载基础配置...
2025-10-29 22:04:41 - SystemInitializer - INFO - 基础配置加载完成
2025-10-29 22:04:41 - SystemInitializer - INFO - 加载所有CSV配置文件...
2025-10-29 22:04:41 - SystemInitializer - WARNING - 配置文件为空或加载失败: type_relation.csv
2025-10-29 22:04:41 - SystemInitializer - WARNING - 配置文件为空或加载失败: type_chngvl.csv
2025-10-29 22:04:41 - SystemInitializer - INFO - 共加载 5 个配置文件
2025-10-29 22:04:41 - SystemInitializer - INFO - 验证配置依赖关系...
2025-10-29 22:04:41 - SystemInitializer - INFO - 配置验证通过
2025-10-29 22:04:41 - SystemInitializer - INFO - 构建配置缓存...
2025-10-29 22:04:41 - SystemInitializer - INFO - 配置缓存构建完成
2025-10-29 22:04:41 - SystemInitializer - INFO - 初始化系统模块...
2025-10-29 22:04:41 - SystemInitializer - INFO - 系统模块初始化完成
2025-10-29 22:04:41 - SystemInitializer - INFO - 系统初始化完成
2025-10-29 22:29:45 - SystemInitializer - INFO - 开始系统初始化流程...
2025-10-29 22:29:45 - SystemInitializer - INFO - 加载基础配置...
2025-10-29 22:29:45 - SystemInitializer - INFO - 基础配置加载完成
2025-10-29 22:29:45 - SystemInitializer - INFO - 加载所有CSV配置文件...
2025-10-29 22:29:45 - SystemInitializer - WARNING - 配置文件为空或加载失败: type_relation.csv
2025-10-29 22:29:45 - SystemInitializer - WARNING - 配置文件为空或加载失败: type_chngvl.csv
2025-10-29 22:29:45 - SystemInitializer - INFO - 共加载 5 个配置文件
2025-10-29 22:29:45 - SystemInitializer - INFO - 验证配置依赖关系...
2025-10-29 22:29:45 - SystemInitializer - INFO - 配置验证通过
2025-10-29 22:29:45 - SystemInitializer - INFO - 构建配置缓存...
2025-10-29 22:29:45 - SystemInitializer - INFO - 配置缓存构建完成
2025-10-29 22:29:45 - SystemInitializer - INFO - 初始化系统模块...
2025-10-29 22:29:45 - SystemInitializer - INFO - 系统模块初始化完成
2025-10-29 22:29:45 - SystemInitializer - INFO - 系统初始化完成
2025-10-30 18:03:10 - SystemInitializer - INFO - 开始系统初始化流程...
2025-10-30 18:03:10 - SystemInitializer - INFO - 加载基础配置...
2025-10-30 18:03:10 - SystemInitializer - INFO - 基础配置加载完成
2025-10-30 18:03:10 - SystemInitializer - INFO - 加载所有CSV配置文件...
2025-10-30 18:03:10 - SystemInitializer - WARNING - 配置文件为空或加载失败: type_relation.csv
2025-10-30 18:03:10 - SystemInitializer - WARNING - 配置文件为空或加载失败: type_chngvl.csv
2025-10-30 18:03:10 - SystemInitializer - INFO - 共加载 5 个配置文件
2025-10-30 18:03:10 - SystemInitializer - INFO - 验证配置依赖关系...
2025-10-30 18:03:10 - SystemInitializer - INFO - 配置验证通过
2025-10-30 18:03:10 - SystemInitializer - INFO - 构建配置缓存...
2025-10-30 18:03:10 - SystemInitializer - INFO - 配置缓存构建完成
2025-10-30 18:03:10 - SystemInitializer - INFO - 初始化系统模块...
2025-10-30 18:03:10 - SystemInitializer - INFO - 系统模块初始化完成
2025-10-30 18:03:10 - SystemInitializer - INFO - 系统初始化完成
2025-10-30 18:17:03 - SystemInitializer - INFO - 开始系统初始化流程...
2025-10-30 18:17:03 - SystemInitializer - INFO - 加载基础配置...
2025-10-30 18:17:03 - SystemInitializer - INFO - 基础配置加载完成
2025-10-30 18:17:03 - SystemInitializer - INFO - 加载所有CSV配置文件...
2025-10-30 18:17:03 - SystemInitializer - WARNING - 配置文件为空或加载失败: type_relation.csv
2025-10-30 18:17:03 - SystemInitializer - WARNING - 配置文件为空或加载失败: type_chngvl.csv
2025-10-30 18:17:03 - SystemInitializer - INFO - 共加载 5 个配置文件
2025-10-30 18:17:03 - SystemInitializer - INFO - 验证配置依赖关系...
2025-10-30 18:17:03 - SystemInitializer - INFO - 配置验证通过
2025-10-30 18:17:03 - SystemInitializer - INFO - 构建配置缓存...
2025-10-30 18:17:03 - SystemInitializer - INFO - 配置缓存构建完成
2025-10-30 18:17:03 - SystemInitializer - INFO - 初始化系统模块...
2025-10-30 18:17:03 - SystemInitializer - INFO - 系统模块初始化完成
2025-10-30 18:17:03 - SystemInitializer - INFO - 系统初始化完成
2025-10-30 18:34:17 - SystemInitializer - INFO - 开始系统初始化流程...
2025-10-30 18:34:17 - SystemInitializer - INFO - 加载基础配置...
2025-10-30 18:34:17 - SystemInitializer - INFO - 基础配置加载完成
2025-10-30 18:34:17 - SystemInitializer - INFO - 加载所有CSV配置文件...
2025-10-30 18:34:17 - SystemInitializer - WARNING - 配置文件为空或加载失败: type_relation.csv
2025-10-30 18:34:17 - SystemInitializer - WARNING - 配置文件为空或加载失败: type_chngvl.csv
2025-10-30 18:34:17 - SystemInitializer - INFO - 共加载 5 个配置文件
2025-10-30 18:34:17 - SystemInitializer - INFO - 验证配置依赖关系...
2025-10-30 18:34:17 - SystemInitializer - INFO - 配置验证通过
2025-10-30 18:34:17 - SystemInitializer - INFO - 构建配置缓存...
2025-10-30 18:34:17 - SystemInitializer - INFO - 配置缓存构建完成
2025-10-30 18:34:17 - SystemInitializer - INFO - 初始化系统模块...
2025-10-30 18:34:17 - SystemInitializer - INFO - 系统模块初始化完成
2025-10-30 18:34:17 - SystemInitializer - INFO - 系统初始化完成
2025-10-30 19:49:29 - SystemInitializer - INFO - 开始系统初始化流程...
2025-10-30 19:49:29 - SystemInitializer - INFO - 加载基础配置...
2025-10-30 19:49:29 - SystemInitializer - INFO - 基础配置加载完成
2025-10-30 19:49:29 - SystemInitializer - INFO - 加载所有CSV配置文件...
2025-10-30 19:49:29 - SystemInitializer - WARNING - 配置文件为空或加载失败: type_relation.csv
2025-10-30 19:49:29 - SystemInitializer - WARNING - 配置文件为空或加载失败: type_chngvl.csv
2025-10-30 19:49:29 - SystemInitializer - INFO - 共加载 5 个配置文件
2025-10-30 19:49:29 - SystemInitializer - INFO - 验证配置依赖关系...
2025-10-30 19:49:29 - SystemInitializer - INFO - 配置验证通过
2025-10-30 19:49:29 - SystemInitializer - INFO - 构建配置缓存...
2025-10-30 19:49:29 - SystemInitializer - INFO - 配置缓存构建完成
2025-10-30 19:49:29 - SystemInitializer - INFO - 初始化系统模块...
2025-10-30 19:49:29 - SystemInitializer - INFO - 系统模块初始化完成
2025-10-30 19:49:29 - SystemInitializer - INFO - 系统初始化完成
2025-10-30 20:17:12 - SystemInitializer - INFO - 开始系统初始化流程...
2025-10-30 20:17:12 - SystemInitializer - INFO - 加载基础配置...
2025-10-30 20:17:12 - SystemInitializer - INFO - 基础配置加载完成
2025-10-30 20:17:12 - SystemInitializer - INFO - 加载所有CSV配置文件...
2025-10-30 20:17:12 - SystemInitializer - WARNING - 配置文件为空或加载失败: type_relation.csv
2025-10-30 20:17:12 - SystemInitializer - WARNING - 配置文件为空或加载失败: type_chngvl.csv
2025-10-30 20:17:12 - SystemInitializer - INFO - 共加载 5 个配置文件
2025-10-30 20:17:12 - SystemInitializer - INFO - 验证配置依赖关系...
2025-10-30 20:17:12 - SystemInitializer - INFO - 配置验证通过
2025-10-30 20:17:12 - SystemInitializer - INFO - 构建配置缓存...
2025-10-30 20:17:12 - SystemInitializer - INFO - 配置缓存构建完成
2025-10-30 20:17:12 - SystemInitializer - INFO - 初始化系统模块...
2025-10-30 20:17:12 - SystemInitializer - INFO - 系统模块初始化完成
2025-10-30 20:17:12 - SystemInitializer - INFO - 系统初始化完成
2025-10-30 20:51:47 - SystemInitializer - INFO - 开始系统初始化流程...
2025-10-30 20:51:47 - SystemInitializer - INFO - 加载基础配置...
2025-10-30 20:51:47 - SystemInitializer - INFO - 基础配置加载完成
2025-10-30 20:51:47 - SystemInitializer - INFO - 加载所有CSV配置文件...
2025-10-30 20:51:47 - SystemInitializer - WARNING - 配置文件为空或加载失败: type_relation.csv
2025-10-30 20:51:47 - SystemInitializer - WARNING - 配置文件为空或加载失败: type_chngvl.csv
2025-10-30 20:51:47 - SystemInitializer - INFO - 共加载 5 个配置文件
2025-10-30 20:51:47 - SystemInitializer - INFO - 验证配置依赖关系...
2025-10-30 20:51:47 - SystemInitializer - INFO - 配置验证通过
2025-10-30 20:51:47 - SystemInitializer - INFO - 构建配置缓存...
2025-10-30 20:51:47 - SystemInitializer - INFO - 配置缓存构建完成
2025-10-30 20:51:47 - SystemInitializer - INFO - 初始化系统模块...
2025-10-30 20:51:47 - SystemInitializer - INFO - 系统模块初始化完成
2025-10-30 20:51:47 - SystemInitializer - INFO - 系统初始化完成
2025-10-30 21:15:54 - SystemInitializer - INFO - 开始系统初始化流程...
2025-10-30 21:15:54 - SystemInitializer - INFO - 加载基础配置...
2025-10-30 21:15:54 - SystemInitializer - INFO - 基础配置加载完成
2025-10-30 21:15:54 - SystemInitializer - INFO - 加载所有CSV配置文件...
2025-10-30 21:15:54 - SystemInitializer - WARNING - 配置文件为空或加载失败: type_relation.csv
2025-10-30 21:15:54 - SystemInitializer - WARNING - 配置文件为空或加载失败: type_chngvl.csv
2025-10-30 21:15:54 - SystemInitializer - INFO - 共加载 5 个配置文件
2025-10-30 21:15:54 - SystemInitializer - INFO - 验证配置依赖关系...
2025-10-30 21:15:54 - SystemInitializer - INFO - 配置验证通过
2025-10-30 21:15:54 - SystemInitializer - INFO - 构建配置缓存...
2025-10-30 21:15:54 - SystemInitializer - INFO - 配置缓存构建完成
2025-10-30 21:15:54 - SystemInitializer - INFO - 初始化系统模块...
2025-10-30 21:15:54 - SystemInitializer - INFO - 系统模块初始化完成
2025-10-30 21:15:54 - SystemInitializer - INFO - 系统初始化完成
2025-10-30 21:50:44 - SystemInitializer - INFO - 开始系统初始化流程...
2025-10-30 21:50:44 - SystemInitializer - INFO - 加载基础配置...
2025-10-30 21:50:44 - SystemInitializer - INFO - 基础配置加载完成
2025-10-30 21:50:44 - SystemInitializer - INFO - 加载所有CSV配置文件...
2025-10-30 21:50:44 - SystemInitializer - WARNING - 配置文件为空或加载失败: type_relation.csv
2025-10-30 21:50:44 - SystemInitializer - WARNING - 配置文件为空或加载失败: type_chngvl.csv
2025-10-30 21:50:44 - SystemInitializer - INFO - 共加载 5 个配置文件
2025-10-30 21:50:44 - SystemInitializer - INFO - 验证配置依赖关系...
2025-10-30 21:50:44 - SystemInitializer - INFO - 配置验证通过
2025-10-30 21:50:44 - SystemInitializer - INFO - 构建配置缓存...
2025-10-30 21:50:44 - SystemInitializer - INFO - 配置缓存构建完成
2025-10-30 21:50:44 - SystemInitializer - INFO - 初始化系统模块...
2025-10-30 21:50:44 - SystemInitializer - INFO - 系统模块初始化完成
2025-10-30 21:50:44 - SystemInitializer - INFO - 系统初始化完成
2025-11-01 05:21:13 - SystemInitializer - INFO - 开始系统初始化流程...
2025-11-01 05:21:13 - SystemInitializer - INFO - 加载基础配置...
2025-11-01 05:21:13 - SystemInitializer - INFO - 基础配置加载完成
2025-11-01 05:21:13 - SystemInitializer - INFO - 加载所有CSV配置文件...
2025-11-01 05:21:13 - SystemInitializer - WARNING - 配置文件为空或加载失败: type_relation.csv
2025-11-01 05:21:13 - SystemInitializer - WARNING - 配置文件为空或加载失败: type_chngvl.csv
2025-11-01 05:21:13 - SystemInitializer - INFO - 共加载 5 个配置文件
2025-11-01 05:21:13 - SystemInitializer - INFO - 验证配置依赖关系...
2025-11-01 05:21:13 - SystemInitializer - INFO - 配置验证通过
2025-11-01 05:21:13 - SystemInitializer - INFO - 构建配置缓存...
2025-11-01 05:21:13 - SystemInitializer - INFO - 配置缓存构建完成
2025-11-01 05:21:13 - SystemInitializer - INFO - 初始化系统模块...
2025-11-01 05:21:13 - SystemInitializer - INFO - 系统模块初始化完成
2025-11-01 05:21:13 - SystemInitializer - INFO - 系统初始化完成
2025-11-01 05:47:06 - SystemInitializer - INFO - 开始系统初始化流程...
2025-11-01 05:47:06 - SystemInitializer - INFO - 加载基础配置...
2025-11-01 05:47:06 - SystemInitializer - INFO - 基础配置加载完成
2025-11-01 05:47:06 - SystemInitializer - INFO - 加载所有CSV配置文件...
2025-11-01 05:47:06 - SystemInitializer - WARNING - 配置文件为空或加载失败: type_relation.csv
2025-11-01 05:47:06 - SystemInitializer - WARNING - 配置文件为空或加载失败: type_chngvl.csv
2025-11-01 05:47:06 - SystemInitializer - INFO - 共加载 5 个配置文件
2025-11-01 05:47:06 - SystemInitializer - INFO - 验证配置依赖关系...
2025-11-01 05:47:06 - SystemInitializer - INFO - 配置验证通过
2025-11-01 05:47:06 - SystemInitializer - INFO - 构建配置缓存...
2025-11-01 05:47:06 - SystemInitializer - INFO - 配置缓存构建完成
2025-11-01 05:47:06 - SystemInitializer - INFO - 初始化系统模块...
2025-11-01 05:47:06 - SystemInitializer - INFO - 系统模块初始化完成
2025-11-01 05:47:06 - SystemInitializer - INFO - 系统初始化完成
2025-11-01 06:16:47 - SystemInitializer - INFO - 开始系统初始化流程...
2025-11-01 06:16:47 - SystemInitializer - INFO - 加载基础配置...
2025-11-01 06:16:47 - SystemInitializer - INFO - 基础配置加载完成
2025-11-01 06:16:47 - SystemInitializer - INFO - 加载所有CSV配置文件...
2025-11-01 06:16:47 - SystemInitializer - WARNING - 配置文件为空或加载失败: type_relation.csv
2025-11-01 06:16:47 - SystemInitializer - WARNING - 配置文件为空或加载失败: type_chngvl.csv
2025-11-01 06:16:47 - SystemInitializer - INFO - 共加载 5 个配置文件
2025-11-01 06:16:47 - SystemInitializer - INFO - 验证配置依赖关系...
2025-11-01 06:16:47 - SystemInitializer - INFO - 配置验证通过
2025-11-01 06:16:47 - SystemInitializer - INFO - 构建配置缓存...
2025-11-01 06:16:47 - SystemInitializer - INFO - 配置缓存构建完成
2025-11-01 06:16:47 - SystemInitializer - INFO - 初始化系统模块...
2025-11-01 06:16:47 - SystemInitializer - INFO - 系统模块初始化完成
2025-11-01 06:16:47 - SystemInitializer - INFO - 系统初始化完成
2025-11-01 06:19:27 - SystemInitializer - INFO - 开始系统初始化流程...
2025-11-01 06:19:27 - SystemInitializer - INFO - 加载基础配置...
2025-11-01 06:19:27 - SystemInitializer - INFO - 基础配置加载完成
2025-11-01 06:19:27 - SystemInitializer - INFO - 加载所有CSV配置文件...
2025-11-01 06:19:27 - SystemInitializer - WARNING - 配置文件为空或加载失败: type_relation.csv
2025-11-01 06:19:27 - SystemInitializer - WARNING - 配置文件为空或加载失败: type_chngvl.csv
2025-11-01 06:19:27 - SystemInitializer - INFO - 共加载 5 个配置文件
2025-11-01 06:19:27 - SystemInitializer - INFO - 验证配置依赖关系...
2025-11-01 06:19:27 - SystemInitializer - INFO - 配置验证通过
2025-11-01 06:19:27 - SystemInitializer - INFO - 构建配置缓存...
2025-11-01 06:19:27 - SystemInitializer - INFO - 配置缓存构建完成
2025-11-01 06:19:27 - SystemInitializer - INFO - 初始化系统模块...
2025-11-01 06:19:27 - SystemInitializer - INFO - 系统模块初始化完成
2025-11-01 06:19:27 - SystemInitializer - INFO - 系统初始化完成
2025-11-01 06:42:32 - SystemInitializer - INFO - 开始系统初始化流程...
2025-11-01 06:42:32 - SystemInitializer - INFO - 加载基础配置...
2025-11-01 06:42:32 - SystemInitializer - INFO - 基础配置加载完成
2025-11-01 06:42:32 - SystemInitializer - INFO - 加载所有CSV配置文件...
2025-11-01 06:42:32 - SystemInitializer - WARNING - 配置文件为空或加载失败: type_relation.csv
2025-11-01 06:42:32 - SystemInitializer - WARNING - 配置文件为空或加载失败: type_chngvl.csv
2025-11-01 06:42:32 - SystemInitializer - INFO - 共加载 5 个配置文件
2025-11-01 06:42:32 - SystemInitializer - INFO - 验证配置依赖关系...
2025-11-01 06:42:32 - SystemInitializer - INFO - 配置验证通过
2025-11-01 06:42:32 - SystemInitializer - INFO - 构建配置缓存...
2025-11-01 06:42:32 - SystemInitializer - INFO - 配置缓存构建完成
2025-11-01 06:42:32 - SystemInitializer - INFO - 初始化系统模块...
2025-11-01 06:42:32 - SystemInitializer - INFO - 系统模块初始化完成
2025-11-01 06:42:32 - SystemInitializer - INFO - 系统初始化完成
2025-11-01 06:48:52 - SystemInitializer - INFO - 开始系统初始化流程...
2025-11-01 06:48:52 - SystemInitializer - INFO - 加载基础配置...
2025-11-01 06:48:52 - SystemInitializer - INFO - 基础配置加载完成
2025-11-01 06:48:52 - SystemInitializer - INFO - 加载所有CSV配置文件...
2025-11-01 06:48:52 - SystemInitializer - WARNING - 配置文件为空或加载失败: type_relation.csv
2025-11-01 06:48:52 - SystemInitializer - WARNING - 配置文件为空或加载失败: type_chngvl.csv
2025-11-01 06:48:52 - SystemInitializer - INFO - 共加载 5 个配置文件
2025-11-01 06:48:52 - SystemInitializer - INFO - 验证配置依赖关系...
2025-11-01 06:48:52 - SystemInitializer - INFO - 配置验证通过
2025-11-01 06:48:52 - SystemInitializer - INFO - 构建配置缓存...
2025-11-01 06:48:52 - SystemInitializer - INFO - 配置缓存构建完成
2025-11-01 06:48:52 - SystemInitializer - INFO - 初始化系统模块...
2025-11-01 06:48:52 - SystemInitializer - INFO - 系统模块初始化完成
2025-11-01 06:48:52 - SystemInitializer - INFO - 系统初始化完成
2025-11-01 06:50:19 - SystemInitializer - INFO - 开始系统初始化流程...
2025-11-01 06:50:19 - SystemInitializer - INFO - 加载基础配置...
2025-11-01 06:50:19 - SystemInitializer - INFO - 基础配置加载完成
2025-11-01 06:50:19 - SystemInitializer - INFO - 加载所有CSV配置文件...
2025-11-01 06:50:19 - SystemInitializer - WARNING - 配置文件为空或加载失败: type_relation.csv
2025-11-01 06:50:19 - SystemInitializer - WARNING - 配置文件为空或加载失败: type_chngvl.csv
2025-11-01 06:50:19 - SystemInitializer - INFO - 共加载 5 个配置文件
2025-11-01 06:50:19 - SystemInitializer - INFO - 验证配置依赖关系...
2025-11-01 06:50:19 - SystemInitializer - INFO - 配置验证通过
2025-11-01 06:50:19 - SystemInitializer - INFO - 构建配置缓存...
2025-11-01 06:50:19 - SystemInitializer - INFO - 配置缓存构建完成
2025-11-01 06:50:19 - SystemInitializer - INFO - 初始化系统模块...
2025-11-01 06:50:19 - SystemInitializer - INFO - 系统模块初始化完成
2025-11-01 06:50:19 - SystemInitializer - INFO - 系统初始化完成
2025-11-01 06:57:54 - SystemInitializer - INFO - 开始系统初始化流程...
2025-11-01 06:57:54 - SystemInitializer - INFO - 加载基础配置...
2025-11-01 06:57:54 - SystemInitializer - INFO - 基础配置加载完成
2025-11-01 06:57:54 - SystemInitializer - INFO - 加载所有CSV配置文件...
2025-11-01 06:57:54 - SystemInitializer - WARNING - 配置文件为空或加载失败: type_relation.csv
2025-11-01 06:57:54 - SystemInitializer - WARNING - 配置文件为空或加载失败: type_chngvl.csv
2025-11-01 06:57:54 - SystemInitializer - INFO - 共加载 5 个配置文件
2025-11-01 06:57:54 - SystemInitializer - INFO - 验证配置依赖关系...
2025-11-01 06:57:54 - SystemInitializer - INFO - 配置验证通过
2025-11-01 06:57:54 - SystemInitializer - INFO - 构建配置缓存...
2025-11-01 06:57:54 - SystemInitializer - INFO - 配置缓存构建完成
2025-11-01 06:57:54 - SystemInitializer - INFO - 初始化系统模块...
2025-11-01 06:57:54 - SystemInitializer - INFO - 系统模块初始化完成
2025-11-01 06:57:54 - SystemInitializer - INFO - 系统初始化完成
2025-11-01 07:07:48 - SystemInitializer - INFO - 开始系统初始化流程...
2025-11-01 07:07:48 - SystemInitializer - INFO - 加载基础配置...
2025-11-01 07:07:48 - SystemInitializer - INFO - 基础配置加载完成
2025-11-01 07:07:48 - SystemInitializer - INFO - 加载所有CSV配置文件...
2025-11-01 07:07:48 - SystemInitializer - WARNING - 配置文件为空或加载失败: type_relation.csv
2025-11-01 07:07:48 - SystemInitializer - WARNING - 配置文件为空或加载失败: type_chngvl.csv
2025-11-01 07:07:48 - SystemInitializer - INFO - 共加载 5 个配置文件
2025-11-01 07:07:48 - SystemInitializer - INFO - 验证配置依赖关系...
2025-11-01 07:07:48 - SystemInitializer - INFO - 配置验证通过
2025-11-01 07:07:48 - SystemInitializer - INFO - 构建配置缓存...
2025-11-01 07:07:48 - SystemInitializer - INFO - 配置缓存构建完成
2025-11-01 07:07:48 - SystemInitializer - INFO - 初始化系统模块...
2025-11-01 07:07:48 - SystemInitializer - INFO - 系统模块初始化完成
2025-11-01 07:07:48 - SystemInitializer - INFO - 系统初始化完成
2025-11-01 07:29:41 - SystemInitializer - INFO - 开始系统初始化流程...
2025-11-01 07:29:41 - SystemInitializer - INFO - 加载基础配置...
2025-11-01 07:29:41 - SystemInitializer - INFO - 基础配置加载完成
2025-11-01 07:29:41 - SystemInitializer - INFO - 加载所有CSV配置文件...
2025-11-01 07:29:41 - SystemInitializer - WARNING - 配置文件为空或加载失败: type_relation.csv
2025-11-01 07:29:41 - SystemInitializer - WARNING - 配置文件为空或加载失败: type_chngvl.csv
2025-11-01 07:29:41 - SystemInitializer - INFO - 共加载 5 个配置文件
2025-11-01 07:29:41 - SystemInitializer - INFO - 验证配置依赖关系...
2025-11-01 07:29:41 - SystemInitializer - INFO - 配置验证通过
2025-11-01 07:29:41 - SystemInitializer - INFO - 构建配置缓存...
2025-11-01 07:29:41 - SystemInitializer - INFO - 配置缓存构建完成
2025-11-01 07:29:41 - SystemInitializer - INFO - 初始化系统模块...
2025-11-01 07:29:41 - SystemInitializer - INFO - 系统模块初始化完成
2025-11-01 07:29:41 - SystemInitializer - INFO - 系统初始化完成
2025-11-01 07:46:33 - SystemInitializer - INFO - 开始系统初始化流程...
2025-11-01 07:46:33 - SystemInitializer - INFO - 加载基础配置...
2025-11-01 07:46:33 - SystemInitializer - INFO - 基础配置加载完成
2025-11-01 07:46:33 - SystemInitializer - INFO - 加载所有CSV配置文件...
2025-11-01 07:46:33 - SystemInitializer - WARNING - 配置文件为空或加载失败: type_relation.csv
2025-11-01 07:46:33 - SystemInitializer - WARNING - 配置文件为空或加载失败: type_chngvl.csv
2025-11-01 07:46:33 - SystemInitializer - INFO - 共加载 5 个配置文件
2025-11-01 07:46:33 - SystemInitializer - INFO - 验证配置依赖关系...
2025-11-01 07:46:33 - SystemInitializer - INFO - 配置验证通过
2025-11-01 07:46:33 - SystemInitializer - INFO - 构建配置缓存...
2025-11-01 07:46:33 - SystemInitializer - INFO - 配置缓存构建完成
2025-11-01 07:46:33 - SystemInitializer - INFO - 初始化系统模块...
2025-11-01 07:46:33 - SystemInitializer - INFO - 系统模块初始化完成
2025-11-01 07:46:33 - SystemInitializer - INFO - 系统初始化完成
2025-11-01 08:06:06 - SystemInitializer - INFO - 开始系统初始化流程...
2025-11-01 08:06:06 - SystemInitializer - INFO - 加载基础配置...
2025-11-01 08:06:06 - SystemInitializer - INFO - 基础配置加载完成
2025-11-01 08:06:06 - SystemInitializer - INFO - 加载所有CSV配置文件...
2025-11-01 08:06:06 - SystemInitializer - WARNING - 配置文件为空或加载失败: type_relation.csv
2025-11-01 08:06:06 - SystemInitializer - WARNING - 配置文件为空或加载失败: type_chngvl.csv
2025-11-01 08:06:06 - SystemInitializer - INFO - 共加载 5 个配置文件
2025-11-01 08:06:06 - SystemInitializer - INFO - 验证配置依赖关系...
2025-11-01 08:06:06 - SystemInitializer - INFO - 配置验证通过
2025-11-01 08:06:06 - SystemInitializer - INFO - 构建配置缓存...
2025-11-01 08:06:06 - SystemInitializer - INFO - 配置缓存构建完成
2025-11-01 08:06:06 - SystemInitializer - INFO - 初始化系统模块...
2025-11-01 08:06:06 - SystemInitializer - INFO - 系统模块初始化完成
2025-11-01 08:06:06 - SystemInitializer - INFO - 系统初始化完成
2025-11-01 19:40:38 - SystemInitializer - INFO - 开始系统初始化流程...
2025-11-01 19:40:38 - SystemInitializer - INFO - 加载基础配置...
2025-11-01 19:40:38 - SystemInitializer - INFO - 基础配置加载完成
2025-11-01 19:40:38 - SystemInitializer - INFO - 加载所有CSV配置文件...
2025-11-01 19:40:38 - SystemInitializer - WARNING - 配置文件为空或加载失败: type_relation.csv
2025-11-01 19:40:38 - SystemInitializer - WARNING - 配置文件为空或加载失败: type_chngvl.csv
2025-11-01 19:40:39 - SystemInitializer - INFO - 共加载 5 个配置文件
2025-11-01 19:40:39 - SystemInitializer - INFO - 验证配置依赖关系...
2025-11-01 19:40:39 - SystemInitializer - INFO - 配置验证通过
2025-11-01 19:40:39 - SystemInitializer - INFO - 构建配置缓存...
2025-11-01 19:40:39 - SystemInitializer - INFO - 配置缓存构建完成
2025-11-01 19:40:39 - SystemInitializer - INFO - 初始化系统模块...
2025-11-01 19:40:39 - SystemInitializer - INFO - 系统模块初始化完成
2025-11-01 19:40:39 - SystemInitializer - INFO - 系统初始化完成
2025-11-01 20:17:19 - SystemInitializer - INFO - 开始系统初始化流程...
2025-11-01 20:17:19 - SystemInitializer - INFO - 加载基础配置...
2025-11-01 20:17:19 - SystemInitializer - INFO - 基础配置加载完成
2025-11-01 20:17:19 - SystemInitializer - INFO - 加载所有CSV配置文件...
2025-11-01 20:17:19 - SystemInitializer - WARNING - 配置文件为空或加载失败: type_relation.csv
2025-11-01 20:17:19 - SystemInitializer - WARNING - 配置文件为空或加载失败: type_chngvl.csv
2025-11-01 20:17:19 - SystemInitializer - INFO - 共加载 5 个配置文件
2025-11-01 20:17:19 - SystemInitializer - INFO - 验证配置依赖关系...
2025-11-01 20:17:19 - SystemInitializer - INFO - 配置验证通过
2025-11-01 20:17:19 - SystemInitializer - INFO - 构建配置缓存...
2025-11-01 20:17:19 - SystemInitializer - INFO - 配置缓存构建完成
2025-11-01 20:17:19 - SystemInitializer - INFO - 初始化系统模块...
2025-11-01 20:17:19 - SystemInitializer - INFO - 系统模块初始化完成
2025-11-01 20:17:19 - SystemInitializer - INFO - 系统初始化完成
2025-11-01 20:39:51 - SystemInitializer - INFO - 开始系统初始化流程...
2025-11-01 20:39:51 - SystemInitializer - INFO - 加载基础配置...
2025-11-01 20:39:51 - SystemInitializer - INFO - 基础配置加载完成
2025-11-01 20:39:51 - SystemInitializer - INFO - 加载所有CSV配置文件...
2025-11-01 20:39:51 - SystemInitializer - WARNING - 配置文件为空或加载失败: type_relation.csv
2025-11-01 20:39:51 - SystemInitializer - WARNING - 配置文件为空或加载失败: type_chngvl.csv
2025-11-01 20:39:51 - SystemInitializer - INFO - 共加载 5 个配置文件
2025-11-01 20:39:51 - SystemInitializer - INFO - 验证配置依赖关系...
2025-11-01 20:39:51 - SystemInitializer - INFO - 配置验证通过
2025-11-01 20:39:51 - SystemInitializer - INFO - 构建配置缓存...
2025-11-01 20:39:51 - SystemInitializer - INFO - 配置缓存构建完成
2025-11-01 20:39:51 - SystemInitializer - INFO - 初始化系统模块...
2025-11-01 20:39:51 - SystemInitializer - INFO - 系统模块初始化完成
2025-11-01 20:39:51 - SystemInitializer - INFO - 系统初始化完成
2025-11-01 20:43:25 - SystemInitializer - INFO - 开始系统初始化流程...
2025-11-01 20:43:25 - SystemInitializer - INFO - 加载基础配置...
2025-11-01 20:43:25 - SystemInitializer - INFO - 基础配置加载完成
2025-11-01 20:43:25 - SystemInitializer - INFO - 加载所有CSV配置文件...
2025-11-01 20:43:25 - SystemInitializer - WARNING - 配置文件为空或加载失败: type_relation.csv
2025-11-01 20:43:25 - SystemInitializer - WARNING - 配置文件为空或加载失败: type_chngvl.csv
2025-11-01 20:43:25 - SystemInitializer - INFO - 共加载 5 个配置文件
2025-11-01 20:43:25 - SystemInitializer - INFO - 验证配置依赖关系...
2025-11-01 20:43:25 - SystemInitializer - INFO - 配置验证通过
2025-11-01 20:43:25 - SystemInitializer - INFO - 构建配置缓存...
2025-11-01 20:43:25 - SystemInitializer - INFO - 配置缓存构建完成
2025-11-01 20:43:25 - SystemInitializer - INFO - 初始化系统模块...
2025-11-01 20:43:25 - SystemInitializer - INFO - 系统模块初始化完成
2025-11-01 20:43:25 - SystemInitializer - INFO - 系统初始化完成
2025-11-01 21:08:38 - SystemInitializer - INFO - 开始系统初始化流程...
2025-11-01 21:08:38 - SystemInitializer - INFO - 加载基础配置...
2025-11-01 21:08:38 - SystemInitializer - INFO - 基础配置加载完成
2025-11-01 21:08:38 - SystemInitializer - INFO - 加载所有CSV配置文件...
2025-11-01 21:08:38 - SystemInitializer - WARNING - 配置文件为空或加载失败: type_relation.csv
2025-11-01 21:08:38 - SystemInitializer - WARNING - 配置文件为空或加载失败: type_chngvl.csv
2025-11-01 21:08:38 - SystemInitializer - INFO - 共加载 5 个配置文件
2025-11-01 21:08:38 - SystemInitializer - INFO - 验证配置依赖关系...
2025-11-01 21:08:38 - SystemInitializer - INFO - 配置验证通过
2025-11-01 21:08:38 - SystemInitializer - INFO - 构建配置缓存...
2025-11-01 21:08:38 - SystemInitializer - INFO - 配置缓存构建完成
2025-11-01 21:08:38 - SystemInitializer - INFO - 初始化系统模块...
2025-11-01 21:08:38 - SystemInitializer - INFO - 系统模块初始化完成
2025-11-01 21:08:38 - SystemInitializer - INFO - 系统初始化完成
2025-11-01 21:32:44 - SystemInitializer - INFO - 开始系统初始化流程...
2025-11-01 21:32:44 - SystemInitializer - INFO - 加载基础配置...
2025-11-01 21:32:44 - SystemInitializer - INFO - 基础配置加载完成
2025-11-01 21:32:44 - SystemInitializer - INFO - 加载所有CSV配置文件...
2025-11-01 21:32:44 - SystemInitializer - WARNING - 配置文件为空或加载失败: type_relation.csv
2025-11-01 21:32:44 - SystemInitializer - WARNING - 配置文件为空或加载失败: type_chngvl.csv
2025-11-01 21:32:44 - SystemInitializer - INFO - 共加载 5 个配置文件
2025-11-01 21:32:44 - SystemInitializer - INFO - 验证配置依赖关系...
2025-11-01 21:32:44 - SystemInitializer - INFO - 配置验证通过
2025-11-01 21:32:44 - SystemInitializer - INFO - 构建配置缓存...
2025-11-01 21:32:44 - SystemInitializer - INFO - 配置缓存构建完成
2025-11-01 21:32:44 - SystemInitializer - INFO - 初始化系统模块...
2025-11-01 21:32:44 - SystemInitializer - INFO - 系统模块初始化完成
2025-11-01 21:32:44 - SystemInitializer - INFO - 系统初始化完成
2025-11-01 21:42:41 - SystemInitializer - INFO - 开始系统初始化流程...
2025-11-01 21:42:41 - SystemInitializer - INFO - 加载基础配置...
2025-11-01 21:42:41 - SystemInitializer - INFO - 基础配置加载完成
2025-11-01 21:42:41 - SystemInitializer - INFO - 加载所有CSV配置文件...
2025-11-01 21:42:41 - SystemInitializer - WARNING - 配置文件为空或加载失败: type_relation.csv
2025-11-01 21:42:41 - SystemInitializer - WARNING - 配置文件为空或加载失败: type_chngvl.csv
2025-11-01 21:42:41 - SystemInitializer - INFO - 共加载 5 个配置文件
2025-11-01 21:42:41 - SystemInitializer - INFO - 验证配置依赖关系...
2025-11-01 21:42:41 - SystemInitializer - INFO - 配置验证通过
2025-11-01 21:42:41 - SystemInitializer - INFO - 构建配置缓存...
2025-11-01 21:42:41 - SystemInitializer - INFO - 配置缓存构建完成
2025-11-01 21:42:41 - SystemInitializer - INFO - 初始化系统模块...
2025-11-01 21:42:41 - SystemInitializer - INFO - 系统模块初始化完成
2025-11-01 21:42:41 - SystemInitializer - INFO - 系统初始化完成
2025-11-01 22:25:19 - SystemInitializer - INFO - 开始系统初始化流程...
2025-11-01 22:25:19 - SystemInitializer - INFO - 加载基础配置...
2025-11-01 22:25:19 - SystemInitializer - INFO - 基础配置加载完成
2025-11-01 22:25:19 - SystemInitializer - INFO - 加载所有CSV配置文件...
2025-11-01 22:25:19 - SystemInitializer - WARNING - 配置文件为空或加载失败: type_relation.csv
2025-11-01 22:25:19 - SystemInitializer - WARNING - 配置文件为空或加载失败: type_chngvl.csv
2025-11-01 22:25:19 - SystemInitializer - INFO - 共加载 5 个配置文件
2025-11-01 22:25:19 - SystemInitializer - INFO - 验证配置依赖关系...
2025-11-01 22:25:19 - SystemInitializer - INFO - 配置验证通过
2025-11-01 22:25:19 - SystemInitializer - INFO - 构建配置缓存...
2025-11-01 22:25:19 - SystemInitializer - INFO - 配置缓存构建完成
2025-11-01 22:25:19 - SystemInitializer - INFO - 初始化系统模块...
2025-11-01 22:25:19 - SystemInitializer - INFO - 系统模块初始化完成
2025-11-01 22:25:19 - SystemInitializer - INFO - 系统初始化完成
2025-11-01 22:52:03 - SystemInitializer - INFO - 开始系统初始化流程...
2025-11-01 22:52:03 - SystemInitializer - INFO - 加载基础配置...
2025-11-01 22:52:03 - SystemInitializer - INFO - 基础配置加载完成
2025-11-01 22:52:03 - SystemInitializer - INFO - 加载所有CSV配置文件...
2025-11-01 22:52:03 - SystemInitializer - WARNING - 配置文件为空或加载失败: type_relation.csv
2025-11-01 22:52:03 - SystemInitializer - WARNING - 配置文件为空或加载失败: type_chngvl.csv
2025-11-01 22:52:03 - SystemInitializer - INFO - 共加载 5 个配置文件
2025-11-01 22:52:03 - SystemInitializer - INFO - 验证配置依赖关系...
2025-11-01 22:52:03 - SystemInitializer - INFO - 配置验证通过
2025-11-01 22:52:03 - SystemInitializer - INFO - 构建配置缓存...
2025-11-01 22:52:03 - SystemInitializer - INFO - 配置缓存构建完成
2025-11-01 22:52:03 - SystemInitializer - INFO - 初始化系统模块...
2025-11-01 22:52:03 - SystemInitializer - INFO - 系统模块初始化完成
2025-11-01 22:52:03 - SystemInitializer - INFO - 系统初始化完成
2025-11-02 19:14:08 - SystemInitializer - INFO - 开始系统初始化流程...
2025-11-02 19:14:08 - SystemInitializer - INFO - 加载基础配置...
2025-11-02 19:14:08 - SystemInitializer - INFO - 基础配置加载完成
2025-11-02 19:14:08 - SystemInitializer - INFO - 加载所有CSV配置文件...
2025-11-02 19:14:08 - SystemInitializer - WARNING - 配置文件为空或加载失败: type_relation.csv
2025-11-02 19:14:08 - SystemInitializer - WARNING - 配置文件为空或加载失败: type_chngvl.csv
2025-11-02 19:14:08 - SystemInitializer - INFO - 共加载 5 个配置文件
2025-11-02 19:14:08 - SystemInitializer - INFO - 验证配置依赖关系...
2025-11-02 19:14:08 - SystemInitializer - INFO - 配置验证通过
2025-11-02 19:14:08 - SystemInitializer - INFO - 构建配置缓存...
2025-11-02 19:14:08 - SystemInitializer - INFO - 配置缓存构建完成
2025-11-02 19:14:08 - SystemInitializer - INFO - 初始化系统模块...
2025-11-02 19:14:08 - SystemInitializer - INFO - 系统模块初始化完成
2025-11-02 19:14:08 - SystemInitializer - INFO - 系统初始化完成
2025-11-03 20:24:04 - SystemInitializer - INFO - 开始系统初始化流程...
2025-11-03 20:24:04 - SystemInitializer - INFO - 加载基础配置...
2025-11-03 20:24:04 - SystemInitializer - INFO - 基础配置加载完成
2025-11-03 20:24:04 - SystemInitializer - INFO - 加载所有CSV配置文件...
2025-11-03 20:24:05 - SystemInitializer - WARNING - 配置文件为空或加载失败: type_relation.csv
2025-11-03 20:24:05 - SystemInitializer - WARNING - 配置文件为空或加载失败: type_chngvl.csv
2025-11-03 20:24:05 - SystemInitializer - INFO - 共加载 5 个配置文件
2025-11-03 20:24:05 - SystemInitializer - INFO - 验证配置依赖关系...
2025-11-03 20:24:05 - SystemInitializer - INFO - 配置验证通过
2025-11-03 20:24:05 - SystemInitializer - INFO - 构建配置缓存...
2025-11-03 20:24:05 - SystemInitializer - INFO - 配置缓存构建完成
2025-11-03 20:24:05 - SystemInitializer - INFO - 初始化系统模块...
2025-11-03 20:24:05 - SystemInitializer - INFO - 系统模块初始化完成
2025-11-03 20:24:05 - SystemInitializer - INFO - 系统初始化完成
2025-11-04 20:08:45 - SystemInitializer - INFO - 开始系统初始化流程...
2025-11-04 20:08:45 - SystemInitializer - INFO - 加载基础配置...
2025-11-04 20:08:45 - SystemInitializer - INFO - 基础配置加载完成
2025-11-04 20:08:45 - SystemInitializer - INFO - 加载所有CSV配置文件...
2025-11-04 20:08:45 - SystemInitializer - WARNING - 配置文件为空或加载失败: type_relation.csv
2025-11-04 20:08:45 - SystemInitializer - WARNING - 配置文件为空或加载失败: type_chngvl.csv
2025-11-04 20:08:45 - SystemInitializer - INFO - 共加载 5 个配置文件
2025-11-04 20:08:45 - SystemInitializer - INFO - 验证配置依赖关系...
2025-11-04 20:08:45 - SystemInitializer - INFO - 配置验证通过
2025-11-04 20:08:45 - SystemInitializer - INFO - 构建配置缓存...
2025-11-04 20:08:45 - SystemInitializer - INFO - 配置缓存构建完成
2025-11-04 20:08:45 - SystemInitializer - INFO - 初始化系统模块...
2025-11-04 20:08:45 - SystemInitializer - INFO - 系统模块初始化完成
2025-11-04 20:08:45 - SystemInitializer - INFO - 系统初始化完成
2025-11-04 20:51:59 - SystemInitializer - INFO - 开始系统初始化流程...
2025-11-04 20:51:59 - SystemInitializer - INFO - 加载基础配置...
2025-11-04 20:51:59 - SystemInitializer - INFO - 基础配置加载完成
2025-11-04 20:51:59 - SystemInitializer - INFO - 加载所有CSV配置文件...
2025-11-04 20:51:59 - SystemInitializer - WARNING - 配置文件为空或加载失败: type_relation.csv
2025-11-04 20:51:59 - SystemInitializer - WARNING - 配置文件为空或加载失败: type_chngvl.csv
2025-11-04 20:51:59 - SystemInitializer - WARNING - 配置文件为空或加载失败: cntrl.csv
2025-11-04 20:51:59 - SystemInitializer - WARNING - 配置文件为空或加载失败: load.csv
2025-11-04 20:51:59 - SystemInitializer - WARNING - 配置文件为空或加载失败: input.csv
2025-11-04 20:51:59 - SystemInitializer - WARNING - 配置文件为空或加载失败: correct.csv
2025-11-04 20:51:59 - SystemInitializer - WARNING - 配置文件为空或加载失败: measure.csv
2025-11-04 20:51:59 - SystemInitializer - WARNING - 配置文件为空或加载失败: select.csv
2025-11-04 20:51:59 - SystemInitializer - WARNING - 配置文件为空或加载失败: switch.csv
2025-11-04 20:51:59 - SystemInitializer - WARNING - 配置文件为空或加载失败: relation.csv
2025-11-04 20:51:59 - SystemInitializer - WARNING - 配置文件为空或加载失败: add.csv
2025-11-04 20:51:59 - SystemInitializer - WARNING - 配置文件为空或加载失败: changePRG.csv
2025-11-04 20:51:59 - SystemInitializer - WARNING - 配置文件为空或加载失败: selectPRG.csv
2025-11-04 20:51:59 - SystemInitializer - INFO - 共加载 5 个配置文件
2025-11-04 20:51:59 - SystemInitializer - INFO - 验证配置依赖关系...
2025-11-04 20:51:59 - SystemInitializer - INFO - 配置验证通过
2025-11-04 20:51:59 - SystemInitializer - INFO - 构建配置缓存...
2025-11-04 20:51:59 - SystemInitializer - INFO - 配置缓存构建完成
2025-11-04 20:51:59 - SystemInitializer - INFO - 初始化系统模块...
2025-11-04 20:51:59 - SystemInitializer - INFO - 系统模块初始化完成
2025-11-04 20:51:59 - SystemInitializer - INFO - 系统初始化完成
